Component: ARM Compiler 5.05 update 1 (build 106) Tool: armlink [4d0efa]

==============================================================================

Section Cross References

    main.o(i.main) refers to delay.o(i.delay_init) for delay_init
    main.o(i.main) refers to misc.o(i.NVIC_PriorityGroupConfig) for NVIC_PriorityGroupConfig
    main.o(i.main) refers to usart.o(i.uart_init) for uart_init
    main.o(i.main) refers to led.o(i.LED_Init) for LED_Init
    main.o(i.main) refers to lcd.o(i.LCD_Init) for LCD_Init
    main.o(i.main) refers to malloc.o(i.my_mem_init) for my_mem_init
    main.o(i.main) refers to lcd.o(i.LCD_Scan_Dir) for LCD_Scan_Dir
    main.o(i.main) refers to ov7670.o(i.OV7670_Init) for OV7670_Init
    main.o(i.main) refers to delay.o(i.delay_ms) for delay_ms
    main.o(i.main) refers to ov7670.o(i.OV7670_Window_Set) for OV7670_Window_Set
    main.o(i.main) refers to lcd.o(i.LCD_Clear) for LCD_Clear
    main.o(i.main) refers to lcd.o(i.LCD_SetCursor) for LCD_SetCursor
    main.o(i.main) refers to lcd.o(i.LCD_WriteRAM_Prepare) for LCD_WriteRAM_Prepare
    main.o(i.main) refers to usart.o(i.Send_Frame_Header) for Send_Frame_Header
    main.o(i.main) refers to lcd.o(i.LCD_ReadPoint) for LCD_ReadPoint
    main.o(i.main) refers to usart.o(i.Send_Image_Data) for Send_Image_Data
    main.o(i.main) refers to usart.o(i.Send_Frame_Tail) for Send_Frame_Tail
    main.o(i.main) refers to lcd.o(.data) for POINT_COLOR
    main.o(i.main) refers to main.o(.bss) for .bss
    system_stm32f10x.o(i.SystemCoreClockUpdate) refers to system_stm32f10x.o(.data) for .data
    system_stm32f10x.o(i.SystemInit) refers to system_stm32f10x.o(i.SetSysClockTo72) for SetSysClockTo72
    led.o(i.LED_Init) refers to stm32f10x_rcc.o(i.RCC_APB2PeriphClockCmd) for RCC_APB2PeriphClockCmd
    led.o(i.LED_Init) refers to stm32f10x_gpio.o(i.GPIO_Init) for GPIO_Init
    led.o(i.LED_Init) refers to stm32f10x_gpio.o(i.GPIO_SetBits) for GPIO_SetBits
    key.o(i.KEY_Init) refers to stm32f10x_rcc.o(i.RCC_APB2PeriphClockCmd) for RCC_APB2PeriphClockCmd
    key.o(i.KEY_Init) refers to stm32f10x_gpio.o(i.GPIO_Init) for GPIO_Init
    key.o(i.KEY_Scan) refers to stm32f10x_gpio.o(i.GPIO_ReadInputDataBit) for GPIO_ReadInputDataBit
    key.o(i.KEY_Scan) refers to delay.o(i.delay_ms) for delay_ms
    key.o(i.KEY_Scan) refers to key.o(.data) for .data
    lcd.o(i.Drawx) refers to lcd.o(i.LCD_DrawLine) for LCD_DrawLine
    lcd.o(i.Drawx) refers to lcd.o(.data) for .data
    lcd.o(i.LCD_Clear) refers to lcd.o(i.LCD_SetCursor) for LCD_SetCursor
    lcd.o(i.LCD_Clear) refers to lcd.o(i.LCD_WriteRAM_Prepare) for LCD_WriteRAM_Prepare
    lcd.o(i.LCD_Clear) refers to lcd.o(.bss) for .bss
    lcd.o(i.LCD_Color_Fill) refers to lcd.o(i.LCD_SetCursor) for LCD_SetCursor
    lcd.o(i.LCD_Color_Fill) refers to lcd.o(i.LCD_WriteRAM_Prepare) for LCD_WriteRAM_Prepare
    lcd.o(i.LCD_DisplayOff) refers to lcd.o(i.LCD_WriteReg) for LCD_WriteReg
    lcd.o(i.LCD_DisplayOff) refers to lcd.o(.bss) for .bss
    lcd.o(i.LCD_DisplayOn) refers to lcd.o(i.LCD_WriteReg) for LCD_WriteReg
    lcd.o(i.LCD_DisplayOn) refers to lcd.o(.bss) for .bss
    lcd.o(i.LCD_Display_Dir) refers to lcd.o(i.LCD_Scan_Dir) for LCD_Scan_Dir
    lcd.o(i.LCD_Display_Dir) refers to lcd.o(.bss) for .bss
    lcd.o(i.LCD_DrawLine) refers to lcd.o(i.LCD_DrawPoint) for LCD_DrawPoint
    lcd.o(i.LCD_DrawPoint) refers to lcd.o(i.LCD_SetCursor) for LCD_SetCursor
    lcd.o(i.LCD_DrawPoint) refers to lcd.o(i.LCD_WriteRAM_Prepare) for LCD_WriteRAM_Prepare
    lcd.o(i.LCD_DrawPoint) refers to lcd.o(.data) for .data
    lcd.o(i.LCD_DrawRectangle) refers to lcd.o(i.LCD_DrawLine) for LCD_DrawLine
    lcd.o(i.LCD_Draw_Circle) refers to lcd.o(i.LCD_DrawPoint) for LCD_DrawPoint
    lcd.o(i.LCD_Fast_DrawPoint) refers to lcd.o(i.LCD_WriteReg) for LCD_WriteReg
    lcd.o(i.LCD_Fast_DrawPoint) refers to lcd.o(.bss) for .bss
    lcd.o(i.LCD_Fill) refers to lcd.o(i.LCD_SetCursor) for LCD_SetCursor
    lcd.o(i.LCD_Fill) refers to lcd.o(i.LCD_WriteRAM_Prepare) for LCD_WriteRAM_Prepare
    lcd.o(i.LCD_Fill) refers to lcd.o(.bss) for .bss
    lcd.o(i.LCD_Init) refers to _printf_percent.o(.ARM.Collect$$_printf_percent$$00000000) for _printf_percent
    lcd.o(i.LCD_Init) refers to _printf_x.o(.ARM.Collect$$_printf_percent$$0000000C) for _printf_x
    lcd.o(i.LCD_Init) refers to _printf_hex_int.o(.text) for _printf_longlong_hex
    lcd.o(i.LCD_Init) refers to stm32f10x_rcc.o(i.RCC_AHBPeriphClockCmd) for RCC_AHBPeriphClockCmd
    lcd.o(i.LCD_Init) refers to stm32f10x_rcc.o(i.RCC_APB2PeriphClockCmd) for RCC_APB2PeriphClockCmd
    lcd.o(i.LCD_Init) refers to stm32f10x_gpio.o(i.GPIO_Init) for GPIO_Init
    lcd.o(i.LCD_Init) refers to stm32f10x_fsmc.o(i.FSMC_NORSRAMInit) for FSMC_NORSRAMInit
    lcd.o(i.LCD_Init) refers to stm32f10x_fsmc.o(i.FSMC_NORSRAMCmd) for FSMC_NORSRAMCmd
    lcd.o(i.LCD_Init) refers to delay.o(i.delay_ms) for delay_ms
    lcd.o(i.LCD_Init) refers to lcd.o(i.LCD_ReadReg) for LCD_ReadReg
[...]
    Removing lcd.o(i.LCD_ShowNum), (118 bytes).
    Removing lcd.o(i.LCD_ShowString), (84 bytes).
    Removing lcd.o(i.LCD_ShowxNum), (134 bytes).
    Removing lcd.o(i.LCD_WR_DATA), (12 bytes).
    Removing lcd.o(i.LCD_WR_REG), (12 bytes).
    Removing lcd.o(i.LCD_WriteRAM), (12 bytes).
    Removing lcd.o(i.opt_delay), (8 bytes).
    Removing lcd.o(.constdata), (6080 bytes).
    Removing ov7670.o(i.OV7670_Brightness), (38 bytes).
    Removing ov7670.o(i.OV7670_Color_Saturation), (114 bytes).
    Removing ov7670.o(i.OV7670_Contrast), (38 bytes).
    Removing ov7670.o(i.OV7670_Light_Mode), (82 bytes).
    Removing ov7670.o(i.OV7670_Special_Effects), (84 bytes).
    Removing ov7670.o(.constdata), (336 bytes).
    Removing malloc.o(i.my_mem_free), (88 bytes).
    Removing malloc.o(i.my_mem_malloc), (144 bytes).
    Removing malloc.o(i.myfree), (24 bytes).
    Removing malloc.o(i.mymalloc), (32 bytes).
    Removing malloc.o(i.mymemcpy), (18 bytes).
    Removing malloc.o(i.myrealloc), (60 bytes).
    Removing sys.o(.emb_text), (6 bytes).
    Removing sys.o(i.INTX_DISABLE), (4 bytes).
    Removing sys.o(i.INTX_ENABLE), (4 bytes).
    Removing sys.o(i.WFI_SET), (4 bytes).
    Removing core_cm3.o(.emb_text), (32 bytes).
    Removing misc.o(i.NVIC_SetVectorTable), (20 bytes).
    Removing misc.o(i.NVIC_SystemLPConfig), (24 bytes).
    Removing stm32f10x_fsmc.o(i.FSMC_ClearFlag), (38 bytes).
    Removing stm32f10x_fsmc.o(i.FSMC_ClearITPendingBit), (44 bytes).
    Removing stm32f10x_fsmc.o(i.FSMC_GetECC), (18 bytes).
    Removing stm32f10x_fsmc.o(i.FSMC_GetFlagStatus), (40 bytes).
    Removing stm32f10x_fsmc.o(i.FSMC_GetITStatus), (48 bytes).
    Removing stm32f10x_fsmc.o(i.FSMC_ITConfig), (72 bytes).
    Removing stm32f10x_fsmc.o(i.FSMC_NANDCmd), (56 bytes).
    Removing stm32f10x_fsmc.o(i.FSMC_NANDDeInit), (40 bytes).
    Removing stm32f10x_fsmc.o(i.FSMC_NANDECCCmd), (56 bytes).
    Removing stm32f10x_fsmc.o(i.FSMC_NANDInit), (104 bytes).
    Removing stm32f10x_fsmc.o(i.FSMC_NANDStructInit), (54 bytes).
    Removing stm32f10x_fsmc.o(i.FSMC_NORSRAMDeInit), (40 bytes).
    Removing stm32f10x_fsmc.o(i.FSMC_NORSRAMStructInit), (98 bytes).
    Removing stm32f10x_fsmc.o(i.FSMC_PCCARDCmd), (32 bytes).
    Removing stm32f10x_fsmc.o(i.FSMC_PCCARDDeInit), (26 bytes).
    Removing stm32f10x_fsmc.o(i.FSMC_PCCARDInit), (102 bytes).
    Removing stm32f10x_fsmc.o(i.FSMC_PCCARDStructInit), (60 bytes).
    Removing stm32f10x_gpio.o(i.GPIO_AFIODeInit), (22 bytes).
    Removing stm32f10x_gpio.o(i.GPIO_DeInit), (180 bytes).
    Removing stm32f10x_gpio.o(i.GPIO_ETH_MediaInterfaceConfig), (12 bytes).
    Removing stm32f10x_gpio.o(i.GPIO_EXTILineConfig), (40 bytes).
    Removing stm32f10x_gpio.o(i.GPIO_EventOutputCmd), (12 bytes).
    Removing stm32f10x_gpio.o(i.GPIO_EventOutputConfig), (28 bytes).
    Removing stm32f10x_gpio.o(i.GPIO_PinLockConfig), (16 bytes).
    Removing stm32f10x_gpio.o(i.GPIO_ReadInputData), (6 bytes).
    Removing stm32f10x_gpio.o(i.GPIO_ReadInputDataBit), (14 bytes).
    Removing stm32f10x_gpio.o(i.GPIO_ReadOutputData), (6 bytes).
    Removing stm32f10x_gpio.o(i.GPIO_ReadOutputDataBit), (14 bytes).
    Removing stm32f10x_gpio.o(i.GPIO_StructInit), (16 bytes).
    Removing stm32f10x_gpio.o(i.GPIO_Write), (4 bytes).
    Removing stm32f10x_gpio.o(i.GPIO_WriteBit), (10 bytes).
    Removing stm32f10x_rcc.o(i.RCC_ADCCLKConfig), (20 bytes).
    Removing stm32f10x_rcc.o(i.RCC_APB1PeriphClockCmd), (24 bytes).
    Removing stm32f10x_rcc.o(i.RCC_APB1PeriphResetCmd), (24 bytes).
    Removing stm32f10x_rcc.o(i.RCC_APB2PeriphResetCmd), (24 bytes).
    Removing stm32f10x_rcc.o(i.RCC_AdjustHSICalibrationValue), (20 bytes).
    Removing stm32f10x_rcc.o(i.RCC_BackupResetCmd), (12 bytes).
    Removing stm32f10x_rcc.o(i.RCC_ClearFlag), (16 bytes).
    Removing stm32f10x_rcc.o(i.RCC_ClearITPendingBit), (12 bytes).
    Removing stm32f10x_rcc.o(i.RCC_ClockSecuritySystemCmd), (12 bytes).
    Removing stm32f10x_rcc.o(i.RCC_DeInit), (64 bytes).
    Removing stm32f10x_rcc.o(i.RCC_GetFlagStatus), (48 bytes).
    Removing stm32f10x_rcc.o(i.RCC_GetITStatus), (20 bytes).
    Removing stm32f10x_rcc.o(i.RCC_GetSYSCLKSource), (16 bytes).
    Removing stm32f10x_rcc.o(i.RCC_HCLKConfig), (20 bytes).
    Removing stm32f10x_rcc.o(i.RCC_HSEConfig), (52 bytes).
    Removing stm32f10x_rcc.o(i.RCC_HSICmd), (12 bytes).
    Removing stm32f10x_rcc.o(i.RCC_ITConfig), (24 bytes).
    Removing stm32f10x_rcc.o(i.RCC_LSEConfig), (32 bytes).
    Removing stm32f10x_rcc.o(i.RCC_LSICmd), (12 bytes).
    Removing stm32f10x_rcc.o(i.RCC_PCLK1Config), (20 bytes).
    Removing stm32f10x_rcc.o(i.RCC_PCLK2Config), (20 bytes).
    Removing stm32f10x_rcc.o(i.RCC_PLLCmd), (12 bytes).
    Removing stm32f10x_rcc.o(i.RCC_PLLConfig), (20 bytes).
    Removing stm32f10x_rcc.o(i.RCC_RTCCLKCmd), (12 bytes).
    Removing stm32f10x_rcc.o(i.RCC_RTCCLKConfig), (16 bytes).
    Removing stm32f10x_rcc.o(i.RCC_SYSCLKConfig), (20 bytes).
    Removing stm32f10x_rcc.o(i.RCC_USBCLKConfig), (12 bytes).
    Removing stm32f10x_rcc.o(i.RCC_WaitForHSEStartUp), (44 bytes).
    Removing stm32f10x_usart.o(i.USART_ClearFlag), (6 bytes).
    Removing stm32f10x_usart.o(i.USART_ClearITPendingBit), (12 bytes).
    Removing stm32f10x_usart.o(i.USART_ClockInit), (30 bytes).
    Removing stm32f10x_usart.o(i.USART_ClockStructInit), (12 bytes).
    Removing stm32f10x_usart.o(i.USART_DMACmd), (16 bytes).
    Removing stm32f10x_usart.o(i.USART_DeInit), (116 bytes).
    Removing stm32f10x_usart.o(i.USART_HalfDuplexCmd), (20 bytes).
    Removing stm32f10x_usart.o(i.USART_IrDACmd), (20 bytes).
    Removing stm32f10x_usart.o(i.USART_IrDAConfig), (16 bytes).
    Removing stm32f10x_usart.o(i.USART_LINBreakDetectLengthConfig), (16 bytes).
    Removing stm32f10x_usart.o(i.USART_LINCmd), (20 bytes).
    Removing stm32f10x_usart.o(i.USART_OneBitMethodCmd), (20 bytes).
    Removing stm32f10x_usart.o(i.USART_OverSampling8Cmd), (20 bytes).
    Removing stm32f10x_usart.o(i.USART_ReceiverWakeUpCmd), (20 bytes).
    Removing stm32f10x_usart.o(i.USART_SendBreak), (10 bytes).
    Removing stm32f10x_usart.o(i.USART_SetAddress), (16 bytes).
    Removing stm32f10x_usart.o(i.USART_SetGuardTime), (16 bytes).
    Removing stm32f10x_usart.o(i.USART_SetPrescaler), (16 bytes).
    Removing stm32f10x_usart.o(i.USART_SmartCardCmd), (20 bytes).
    Removing stm32f10x_usart.o(i.USART_SmartCardNACKCmd), (20 bytes).
    Removing stm32f10x_usart.o(i.USART_StructInit), (22 bytes).
    Removing stm32f10x_usart.o(i.USART_WakeUpConfig), (16 bytes).
    Removing stm32f10x_tim.o(i.TI1_Config), (108 bytes).
    Removing stm32f10x_tim.o(i.TI2_Config), (124 bytes).
    Removing stm32f10x_tim.o(i.TIM_ARRPreloadConfig), (20 bytes).
    Removing stm32f10x_tim.o(i.TIM_BDTRConfig), (34 bytes).
    Removing stm32f10x_tim.o(i.TIM_BDTRStructInit), (18 bytes).
    Removing stm32f10x_tim.o(i.TIM_CCPreloadControl), (20 bytes).
    Removing stm32f10x_tim.o(i.TIM_CCxCmd), (22 bytes).
    Removing stm32f10x_tim.o(i.TIM_CCxNCmd), (22 bytes).
    Removing stm32f10x_tim.o(i.TIM_ClearFlag), (6 bytes).
    Removing stm32f10x_tim.o(i.TIM_ClearITPendingBit), (6 bytes).
    Removing stm32f10x_tim.o(i.TIM_ClearOC1Ref), (12 bytes).
    Removing stm32f10x_tim.o(i.TIM_ClearOC2Ref), (20 bytes).
    Removing stm32f10x_tim.o(i.TIM_ClearOC3Ref), (12 bytes).
    Removing stm32f10x_tim.o(i.TIM_ClearOC4Ref), (20 bytes).
    Removing stm32f10x_tim.o(i.TIM_Cmd), (20 bytes).
    Removing stm32f10x_tim.o(i.TIM_CounterModeConfig), (12 bytes).
    Removing stm32f10x_tim.o(i.TIM_CtrlPWMOutputs), (22 bytes).
    Removing stm32f10x_tim.o(i.TIM_DMACmd), (16 bytes).
    Removing stm32f10x_tim.o(i.TIM_DMAConfig), (8 bytes).
    Removing stm32f10x_tim.o(i.TIM_DeInit), (368 bytes).
    Removing stm32f10x_tim.o(i.TIM_ETRClockMode1Config), (18 bytes).
    Removing stm32f10x_tim.o(i.TIM_ETRClockMode2Config), (18 bytes).
    Removing stm32f10x_tim.o(i.TIM_ETRConfig), (24 bytes).
    Removing stm32f10x_tim.o(i.TIM_EncoderInterfaceConfig), (50 bytes).
    Removing stm32f10x_tim.o(i.TIM_ForcedOC1Config), (12 bytes).
    Removing stm32f10x_tim.o(i.TIM_ForcedOC2Config), (20 bytes).
    Removing stm32f10x_tim.o(i.TIM_ForcedOC3Config), (12 bytes).
    Removing stm32f10x_tim.o(i.TIM_ForcedOC4Config), (20 bytes).
    Removing stm32f10x_tim.o(i.TIM_GenerateEvent), (4 bytes).
    Removing stm32f10x_tim.o(i.TIM_GetCapture1), (4 bytes).
    Removing stm32f10x_tim.o(i.TIM_GetCapture2), (4 bytes).
    Removing stm32f10x_tim.o(i.TIM_GetCapture3), (4 bytes).
    Removing stm32f10x_tim.o(i.TIM_GetCapture4), (6 bytes).
    Removing stm32f10x_tim.o(i.TIM_GetCounter), (4 bytes).
    Removing stm32f10x_tim.o(i.TIM_GetFlagStatus), (14 bytes).
    Removing stm32f10x_tim.o(i.TIM_GetITStatus), (24 bytes).
    Removing stm32f10x_tim.o(i.TIM_GetPrescaler), (4 bytes).
    Removing stm32f10x_tim.o(i.TIM_ICInit), (300 bytes).
    Removing stm32f10x_tim.o(i.TIM_ICStructInit), (16 bytes).
    Removing stm32f10x_tim.o(i.TIM_ITConfig), (16 bytes).
    Removing stm32f10x_tim.o(i.TIM_ITRxExternalClockConfig), (18 bytes).
    Removing stm32f10x_tim.o(i.TIM_InternalClockConfig), (10 bytes).
    Removing stm32f10x_tim.o(i.TIM_OC1FastConfig), (12 bytes).
    Removing stm32f10x_tim.o(i.TIM_OC1Init), (128 bytes).
    Removing stm32f10x_tim.o(i.TIM_OC1NPolarityConfig), (12 bytes).
    Removing stm32f10x_tim.o(i.TIM_OC1PolarityConfig), (12 bytes).
    Removing stm32f10x_tim.o(i.TIM_OC1PreloadConfig), (12 bytes).
    Removing stm32f10x_tim.o(i.TIM_OC2FastConfig), (20 bytes).
    Removing stm32f10x_tim.o(i.TIM_OC2Init), (128 bytes).
    Removing stm32f10x_tim.o(i.TIM_OC2NPolarityConfig), (20 bytes).
    Removing stm32f10x_tim.o(i.TIM_OC2PolarityConfig), (20 bytes).
    Removing stm32f10x_tim.o(i.TIM_OC2PreloadConfig), (20 bytes).
    Removing stm32f10x_tim.o(i.TIM_OC3FastConfig), (12 bytes).
    Removing stm32f10x_tim.o(i.TIM_OC3Init), (124 bytes).
    Removing stm32f10x_tim.o(i.TIM_OC3NPolarityConfig), (20 bytes).
    Removing stm32f10x_tim.o(i.TIM_OC3PolarityConfig), (20 bytes).
    Removing stm32f10x_tim.o(i.TIM_OC3PreloadConfig), (12 bytes).
    Removing stm32f10x_tim.o(i.TIM_OC4FastConfig), (20 bytes).
    Removing stm32f10x_tim.o(i.TIM_OC4Init), (100 bytes).
    Removing stm32f10x_tim.o(i.TIM_OC4PolarityConfig), (20 bytes).
    Removing stm32f10x_tim.o(i.TIM_OC4PreloadConfig), (20 bytes).
    Removing stm32f10x_tim.o(i.TIM_OCStructInit), (20 bytes).
    Removing stm32f10x_tim.o(i.TIM_PWMIConfig), (108 bytes).
    Removing stm32f10x_tim.o(i.TIM_PrescalerConfig), (6 bytes).
    Removing stm32f10x_tim.o(i.TIM_SelectCCDMA), (20 bytes).
    Removing stm32f10x_tim.o(i.TIM_SelectCOM), (20 bytes).
    Removing stm32f10x_tim.o(i.TIM_SelectHallSensor), (20 bytes).
    Removing stm32f10x_tim.o(i.TIM_SelectInputTrigger), (12 bytes).
    Removing stm32f10x_tim.o(i.TIM_SelectMasterSlaveMode), (16 bytes).
    Removing stm32f10x_tim.o(i.TIM_SelectOCxM), (70 bytes).
    Removing stm32f10x_tim.o(i.TIM_SelectOnePulseMode), (16 bytes).
    Removing stm32f10x_tim.o(i.TIM_SelectOutputTrigger), (16 bytes).
    Removing stm32f10x_tim.o(i.TIM_SelectSlaveMode), (16 bytes).
    Removing stm32f10x_tim.o(i.TIM_SetAutoreload), (4 bytes).
    Removing stm32f10x_tim.o(i.TIM_SetClockDivision), (16 bytes).
    Removing stm32f10x_tim.o(i.TIM_SetCompare1), (4 bytes).
    Removing stm32f10x_tim.o(i.TIM_SetCompare2), (4 bytes).
    Removing stm32f10x_tim.o(i.TIM_SetCompare3), (4 bytes).
    Removing stm32f10x_tim.o(i.TIM_SetCompare4), (6 bytes).
    Removing stm32f10x_tim.o(i.TIM_SetCounter), (4 bytes).
    Removing stm32f10x_tim.o(i.TIM_SetIC1Prescaler), (16 bytes).
    Removing stm32f10x_tim.o(i.TIM_SetIC2Prescaler), (24 bytes).
    Removing stm32f10x_tim.o(i.TIM_SetIC3Prescaler), (16 bytes).
    Removing stm32f10x_tim.o(i.TIM_SetIC4Prescaler), (24 bytes).
    Removing stm32f10x_tim.o(i.TIM_TIxExternalClockConfig), (46 bytes).
    Removing stm32f10x_tim.o(i.TIM_TimeBaseInit), (156 bytes).
    Removing stm32f10x_tim.o(i.TIM_TimeBaseStructInit), (18 bytes).
    Removing stm32f10x_tim.o(i.TIM_UpdateDisableConfig), (20 bytes).
    Removing stm32f10x_tim.o(i.TIM_UpdateRequestConfig), (20 bytes).
    Removing stm32f10x_exti.o(i.EXTI_ClearFlag), (12 bytes).
    Removing stm32f10x_exti.o(i.EXTI_ClearITPendingBit), (12 bytes).
    Removing stm32f10x_exti.o(i.EXTI_DeInit), (36 bytes).
    Removing stm32f10x_exti.o(i.EXTI_GenerateSWInterrupt), (16 bytes).
    Removing stm32f10x_exti.o(i.EXTI_GetFlagStatus), (20 bytes).
    Removing stm32f10x_exti.o(i.EXTI_GetITStatus), (32 bytes).
    Removing stm32f10x_exti.o(i.EXTI_Init), (112 bytes).
    Removing stm32f10x_exti.o(i.EXTI_StructInit), (14 bytes).
    Removing stm32f10x_dma.o(i.DMA_ClearFlag), (24 bytes).
    Removing stm32f10x_dma.o(i.DMA_ClearITPendingBit), (24 bytes).
    Removing stm32f10x_dma.o(i.DMA_Cmd), (22 bytes).
    Removing stm32f10x_dma.o(i.DMA_DeInit), (228 bytes).
    Removing stm32f10x_dma.o(i.DMA_GetCurrDataCounter), (6 bytes).
    Removing stm32f10x_dma.o(i.DMA_GetFlagStatus), (32 bytes).
    Removing stm32f10x_dma.o(i.DMA_GetITStatus), (32 bytes).
    Removing stm32f10x_dma.o(i.DMA_ITConfig), (16 bytes).
    Removing stm32f10x_dma.o(i.DMA_Init), (58 bytes).
    Removing stm32f10x_dma.o(i.DMA_SetCurrDataCounter), (4 bytes).
    Removing stm32f10x_dma.o(i.DMA_StructInit), (26 bytes).
    Removing stm32f10x_sdio.o(i.SDIO_CEATAITCmd), (16 bytes).
    Removing stm32f10x_sdio.o(i.SDIO_ClearFlag), (12 bytes).
    Removing stm32f10x_sdio.o(i.SDIO_ClearITPendingBit), (12 bytes).
    Removing stm32f10x_sdio.o(i.SDIO_ClockCmd), (12 bytes).
    Removing stm32f10x_sdio.o(i.SDIO_CmdStructInit), (14 bytes).
    Removing stm32f10x_sdio.o(i.SDIO_CommandCompletionCmd), (12 bytes).
    Removing stm32f10x_sdio.o(i.SDIO_DMACmd), (12 bytes).
    Removing stm32f10x_sdio.o(i.SDIO_DataConfig), (44 bytes).
    Removing stm32f10x_sdio.o(i.SDIO_DataStructInit), (20 bytes).
    Removing stm32f10x_sdio.o(i.SDIO_DeInit), (36 bytes).
    Removing stm32f10x_sdio.o(i.SDIO_GetCommandResponse), (12 bytes).
    Removing stm32f10x_sdio.o(i.SDIO_GetDataCounter), (12 bytes).
    Removing stm32f10x_sdio.o(i.SDIO_GetFIFOCount), (12 bytes).
    Removing stm32f10x_sdio.o(i.SDIO_GetFlagStatus), (20 bytes).
    Removing stm32f10x_sdio.o(i.SDIO_GetITStatus), (20 bytes).
    Removing stm32f10x_sdio.o(i.SDIO_GetPowerState), (16 bytes).
    Removing stm32f10x_sdio.o(i.SDIO_GetResponse), (16 bytes).
    Removing stm32f10x_sdio.o(i.SDIO_ITConfig), (24 bytes).
    Removing stm32f10x_sdio.o(i.SDIO_Init), (44 bytes).
    Removing stm32f10x_sdio.o(i.SDIO_ReadData), (12 bytes).
    Removing stm32f10x_sdio.o(i.SDIO_SendCEATACmd), (12 bytes).
    Removing stm32f10x_sdio.o(i.SDIO_SendCommand), (40 bytes).
    Removing stm32f10x_sdio.o(i.SDIO_SendSDIOSuspendCmd), (12 bytes).
    Removing stm32f10x_sdio.o(i.SDIO_SetPowerState), (24 bytes).
    Removing stm32f10x_sdio.o(i.SDIO_SetSDIOOperation), (12 bytes).
    Removing stm32f10x_sdio.o(i.SDIO_SetSDIOReadWaitMode), (12 bytes).
    Removing stm32f10x_sdio.o(i.SDIO_StartSDIOReadWait), (12 bytes).
    Removing stm32f10x_sdio.o(i.SDIO_StopSDIOReadWait), (12 bytes).
    Removing stm32f10x_sdio.o(i.SDIO_StructInit), (16 bytes).
    Removing stm32f10x_sdio.o(i.SDIO_WriteData), (12 bytes).

265 unused section(s) (total 16325 bytes) removed from the image.

==============================================================================

Image Symbol Table

    Local Symbols

    Symbol Name                              Value     Ov Type        Size  Object(Section)

    ../clib/angel/boardlib.s                 0x00000000   Number         0  boardinit3.o ABSOLUTE
    ../clib/angel/boardlib.s                 0x00000000   Number         0  boardinit2.o ABSOLUTE
    ../clib/angel/boardlib.s                 0x00000000   Number         0  boardinit1.o ABSOLUTE
    ../clib/angel/boardlib.s                 0x00000000   Number         0  boardshut.o ABSOLUTE
    ../clib/angel/handlers.s                 0x00000000   Number         0  __scatter_zi.o ABSOLUTE
    ../clib/angel/handlers.s                 0x00000000   Number         0  __scatter_copy.o ABSOLUTE
    ../clib/angel/kernel.s                   0x00000000   Number         0  __rtentry4.o ABSOLUTE
    ../clib/angel/kernel.s                   0x00000000   Number         0  __rtentry2.o ABSOLUTE
    ../clib/angel/kernel.s                   0x00000000   Number         0  __rtentry.o ABSOLUTE
    ../clib/angel/kernel.s                   0x00000000   Number         0  rtexit.o ABSOLUTE
    ../clib/angel/kernel.s                   0x00000000   Number         0  rtexit2.o ABSOLUTE
    ../clib/angel/rt.s                       0x00000000   Number         0  rt_raise.o ABSOLUTE
    ../clib/angel/scatter.s                  0x00000000   Number         0  __scatter.o ABSOLUTE
    ../clib/angel/startup.s                  0x00000000   Number         0  __main.o ABSOLUTE
    ../clib/angel/sys.s                      0x00000000   Number         0  use_no_semi.o ABSOLUTE
    ../clib/angel/sys.s                      0x00000000   Number         0  libspace.o ABSOLUTE
    ../clib/angel/sys.s                      0x00000000   Number         0  sys_stackheap_outer.o ABSOLUTE
    ../clib/angel/sys.s                      0x00000000   Number         0  use_no_semi_2.o ABSOLUTE
    ../clib/angel/sys.s                      0x00000000   Number         0  indicate_semi.o ABSOLUTE
    ../clib/angel/sysapp.c                   0x00000000   Number         0  sys_wrch.o ABSOLUTE
    ../clib/angel/sysapp.c                   0x00000000   Number         0  sys_command.o ABSOLUTE
    ../clib/armsys.c                         0x00000000   Number         0  no_argv.o ABSOLUTE
    ../clib/armsys.c                         0x00000000   Number         0  argv_veneer.o ABSOLUTE
    ../clib/armsys.c                         0x00000000   Number         0  argv_veneer.o ABSOLUTE
    ../clib/armsys.c                         0x00000000   Number         0  _get_argv_nomalloc.o ABSOLUTE
    ../clib/heapalloc.c                      0x00000000   Number         0  hrguard.o ABSOLUTE
    ../clib/heapaux.c                        0x00000000   Number         0  heapauxi.o ABSOLUTE
    ../clib/libinit.s                        0x00000000   Number         0  libinit.o ABSOLUTE
    ../clib/libinit.s                        0x00000000   Number         0  libshutdown.o ABSOLUTE
    ../clib/libinit.s                        0x00000000   Number         0  libshutdown2.o ABSOLUTE
    ../clib/libinit.s                        0x00000000   Number         0  libinit2.o ABSOLUTE
    ../clib/printf.c                         0x00000000   Number         0  _printf_hex_ll_ptr.o ABSOLUTE
    ../clib/printf.c                         0x00000000   Number         0  _printf_hex_int_ptr.o ABSOLUTE
    ../clib/printf.c                         0x00000000   Number         0  _printf_hex_ptr.o ABSOLUTE
    ../clib/printf.c                         0x00000000   Number         0  _printf_hex_int_ll.o ABSOLUTE
    ../clib/printf.c                         0x00000000   Number         0  _printf_char_common.o ABSOLUTE
    ../clib/printf.c                         0x00000000   Number         0  _printf_char_file.o ABSOLUTE
    ../clib/printf.c                         0x00000000   Number         0  _printf_intcommon.o ABSOLUTE
    ../clib/printf.c                         0x00000000   Number         0  __printf_flags_ss_wp.o ABSOLUTE
    ../clib/printf.c                         0x00000000   Number         0  __printf_ss_wp.o ABSOLUTE
    ../clib/printf.c                         0x00000000   Number         0  __printf_flags_wp.o ABSOLUTE
    ../clib/printf.c                         0x00000000   Number         0  __printf_wp.o ABSOLUTE
    ../clib/printf.c                         0x00000000   Number         0  __printf_flags_ss.o ABSOLUTE
    ../clib/printf.c                         0x00000000   Number         0  __2printf.o ABSOLUTE
    ../clib/printf.c                         0x00000000   Number         0  noretval__2printf.o ABSOLUTE
    ../clib/printf.c                         0x00000000   Number         0  __printf.o ABSOLUTE
    ../clib/printf.c                         0x00000000   Number         0  __printf_ss.o ABSOLUTE
    ../clib/printf.c                         0x00000000   Number         0  __printf_nopercent.o ABSOLUTE
    ../clib/printf.c                         0x00000000   Number         0  __printf_flags.o ABSOLUTE
    ../clib/printf.c                         0x00000000   Number         0  _printf_hex_ll.o ABSOLUTE
    ../clib/printf.c                         0x00000000   Number         0  _printf_hex_int.o ABSOLUTE
    ../clib/printf.c                         0x00000000   Number         0  _printf_hex_int_ll_ptr.o ABSOLUTE
    ../clib/printf_percent.s                 0x00000000   Number         0  _printf_percent.o ABSOLUTE
    ../clib/printf_percent.s                 0x00000000   Number         0  _printf_percent_end.o ABSOLUTE
    ../clib/printf_percent.s                 0x00000000   Number         0  _printf_x.o ABSOLUTE
    ../clib/signal.c                         0x00000000   Number         0  defsig_cppl_inner.o ABSOLUTE
    ../clib/signal.c                         0x00000000   Number         0  defsig_exit.o ABSOLUTE
    ../clib/signal.c                         0x00000000   Number         0  defsig_rtred_inner.o ABSOLUTE
    ../clib/signal.c                         0x00000000   Number         0  defsig_stak_inner.o ABSOLUTE
    ../clib/signal.c                         0x00000000   Number         0  defsig_other.o ABSOLUTE
    ../clib/signal.c                         0x00000000   Number         0  defsig_rtmem_formal.o ABSOLUTE
    ../clib/signal.c                         0x00000000   Number         0  defsig_rtmem_outer.o ABSOLUTE
    ../clib/signal.c                         0x00000000   Number         0  defsig_segv_inner.o ABSOLUTE
    ../clib/signal.c                         0x00000000   Number         0  defsig_pvfn_inner.o ABSOLUTE
    ../clib/signal.c                         0x00000000   Number         0  defsig_rtmem_inner.o ABSOLUTE
    ../clib/signal.c                         0x00000000   Number         0  __raise.o ABSOLUTE
    ../clib/signal.c                         0x00000000   Number         0  defsig_fpe_inner.o ABSOLUTE
    ../clib/signal.c                         0x00000000   Number         0  defsig_abrt_inner.o ABSOLUTE
    ../clib/signal.c                         0x00000000   Number         0  defsig_general.o ABSOLUTE
    ../clib/signal.s                         0x00000000   Number         0  defsig.o ABSOLUTE
    ../clib/stdio.c                          0x00000000   Number         0  ferror.o ABSOLUTE
    ../clib/stdio.c                          0x00000000   Number         0  ferror_locked.o ABSOLUTE
    ../clib/stdlib.c                         0x00000000   Number         0  exit.o ABSOLUTE
    ../fplib/dfixu.s                         0x00000000   Number         0  dfixu.o ABSOLUTE
    ../fplib/dflt.s                          0x00000000   Number         0  dflt_clz.o ABSOLUTE
    ../fplib/dmul.s                          0x00000000   Number         0  dmul.o ABSOLUTE
    ../fplib/dnaninf.s                       0x00000000   Number         0  dnaninf.o ABSOLUTE
    ../fplib/dretinf.s                       0x00000000   Number         0  dretinf.o ABSOLUTE
    ../fplib/fpinit.s                        0x00000000   Number         0  fpinit.o ABSOLUTE
    ../fplib/usenofp.s                       0x00000000   Number         0  usenofp.o ABSOLUTE
    ..\CORE\core_cm3.c                       0x00000000   Number         0  core_cm3.o ABSOLUTE
    ..\CORE\startup_stm32f10x_hd.s           0x00000000   Number         0  startup_stm32f10x_hd.o ABSOLUTE
    ..\HARDWARE\KEY\key.c                    0x00000000   Number         0  key.o ABSOLUTE
    ..\HARDWARE\LCD\lcd.c                    0x00000000   Number         0  lcd.o ABSOLUTE
    ..\HARDWARE\LED\led.c                    0x00000000   Number         0  led.o ABSOLUTE
    ..\HARDWARE\OV7670\ov7670.c              0x00000000   Number         0  ov7670.o ABSOLUTE
    ..\HARDWARE\OV7670\sccb.c                0x00000000   Number         0  sccb.o ABSOLUTE
    ..\MALLOC\malloc.c                       0x00000000   Number         0  malloc.o ABSOLUTE
    ..\STM32F10x_FWLib\src\misc.c            0x00000000   Number         0  misc.o ABSOLUTE
    ..\STM32F10x_FWLib\src\stm32f10x_dma.c   0x00000000   Number         0  stm32f10x_dma.o ABSOLUTE
    ..\STM32F10x_FWLib\src\stm32f10x_exti.c  0x00000000   Number         0  stm32f10x_exti.o ABSOLUTE
    ..\STM32F10x_FWLib\src\stm32f10x_fsmc.c  0x00000000   Number         0  stm32f10x_fsmc.o ABSOLUTE
    ..\STM32F10x_FWLib\src\stm32f10x_gpio.c  0x00000000   Number         0  stm32f10x_gpio.o ABSOLUTE
    ..\STM32F10x_FWLib\src\stm32f10x_rcc.c   0x00000000   Number         0  stm32f10x_rcc.o ABSOLUTE
    ..\STM32F10x_FWLib\src\stm32f10x_sdio.c  0x00000000   Number         0  stm32f10x_sdio.o ABSOLUTE
    ..\STM32F10x_FWLib\src\stm32f10x_tim.c   0x00000000   Number         0  stm32f10x_tim.o ABSOLUTE
    ..\STM32F10x_FWLib\src\stm32f10x_usart.c 0x00000000   Number         0  stm32f10x_usart.o ABSOLUTE
    ..\SYSTEM\delay\delay.c                  0x00000000   Number         0  delay.o ABSOLUTE
    ..\SYSTEM\sys\sys.c                      0x00000000   Number         0  sys.o ABSOLUTE
    ..\SYSTEM\usart\usart.c                  0x00000000   Number         0  usart.o ABSOLUTE
    ..\\CORE\\core_cm3.c                     0x00000000   Number         0  core_cm3.o ABSOLUTE
    ..\\SYSTEM\\sys\\sys.c                   0x00000000   Number         0  sys.o ABSOLUTE
    dc.s                                     0x00000000   Number         0  dc.o ABSOLUTE
    main.c                                   0x00000000   Number         0  main.o ABSOLUTE
    stm32f10x_it.c                           0x00000000   Number         0  stm32f10x_it.o ABSOLUTE
    system_stm32f10x.c                       0x00000000   Number         0  system_stm32f10x.o ABSOLUTE
    RESET                                    0x08000000   Section      304  startup_stm32f10x_hd.o(RESET)
    !!!main                                  0x08000130   Section        8  __main.o(!!!main)
    !!!scatter                               0x08000138   Section       52  __scatter.o(!!!scatter)
    !!handler_copy                           0x0800016c   Section       26  __scatter_copy.o(!!handler_copy)
    !!handler_zi                             0x08000188   Section       28  __scatter_zi.o(!!handler_zi)
    .ARM.Collect$$_printf_percent$$00000000  0x080001a4   Section        0  _printf_percent.o(.ARM.Collect$$_printf_percent$$00000000)
    .ARM.Collect$$_printf_percent$$0000000C  0x080001a4   Section        6  _printf_x.o(.ARM.Collect$$_printf_percent$$0000000C)
    .ARM.Collect$$_printf_percent$$00000017  0x080001aa   Section        4  _printf_percent_end.o(.ARM.Collect$$_printf_percent$$00000017)
    .ARM.Collect$$libinit$$00000000          0x080001ae   Section        2  libinit.o(.ARM.Collect$$libinit$$00000000)
    .ARM.Collect$$libinit$$00000002          0x080001b0   Section        0  libinit2.o(.ARM.Collect$$libinit$$00000002)
    .ARM.Collect$$libinit$$00000004          0x080001b0   Section        0  libinit2.o(.ARM.Collect$$libinit$$00000004)
    .ARM.Collect$$libinit$$0000000A          0x080001b0   Section        0  libinit2.o(.ARM.Collect$$libinit$$0000000A)
    .ARM.Collect$$libinit$$0000000C          0x080001b0   Section        0  libinit2.o(.ARM.Collect$$libinit$$0000000C)
    .ARM.Collect$$libinit$$0000000E          0x080001b0   Section        0  libinit2.o(.ARM.Collect$$libinit$$0000000E)
    .ARM.Collect$$libinit$$00000011          0x080001b0   Section        0  libinit2.o(.ARM.Collect$$libinit$$00000011)
    .ARM.Collect$$libinit$$00000013          0x080001b0   Section        0  libinit2.o(.ARM.Collect$$libinit$$00000013)
    .ARM.Collect$$libinit$$00000015          0x080001b0   Section        0  libinit2.o(.ARM.Collect$$libinit$$00000015)
    .ARM.Collect$$libinit$$00000017          0x080001b0   Section        0  libinit2.o(.ARM.Collect$$libinit$$00000017)
    .ARM.Collect$$libinit$$00000019          0x080001b0   Section        0  libinit2.o(.ARM.Collect$$libinit$$00000019)
    .ARM.Collect$$libinit$$0000001B          0x080001b0   Section        0  libinit2.o(.ARM.Collect$$libinit$$0000001B)
    .ARM.Collect$$libinit$$0000001D          0x080001b0   Section        0  libinit2.o(.ARM.Collect$$libinit$$0000001D)
    .ARM.Collect$$libinit$$0000001F          0x080001b0   Section        0  libinit2.o(.ARM.Collect$$libinit$$0000001F)
    .ARM.Collect$$libinit$$00000021          0x080001b0   Section        0  libinit2.o(.ARM.Collect$$libinit$$00000021)
    .ARM.Collect$$libinit$$00000023          0x080001b0   Section        0  libinit2.o(.ARM.Collect$$libinit$$00000023)
    .ARM.Collect$$libinit$$00000025          0x080001b0   Section        0  libinit2.o(.ARM.Collect$$libinit$$00000025)
    .ARM.Collect$$libinit$$0000002C          0x080001b0   Section        0  libinit2.o(.ARM.Collect$$libinit$$0000002C)
    .ARM.Collect$$libinit$$0000002E          0x080001b0   Section        0  libinit2.o(.ARM.Collect$$libinit$$0000002E)
    .ARM.Collect$$libinit$$00000030          0x080001b0   Section        0  libinit2.o(.ARM.Collect$$libinit$$00000030)
    .ARM.Collect$$libinit$$00000032          0x080001b0   Section        0  libinit2.o(.ARM.Collect$$libinit$$00000032)
    .ARM.Collect$$libinit$$00000033          0x080001b0   Section        2  libinit2.o(.ARM.Collect$$libinit$$00000033)
    .ARM.Collect$$libshutdown$$00000000      0x080001b2   Section        2  libshutdown.o(.ARM.Collect$$libshutdown$$00000000)
    .ARM.Collect$$libshutdown$$00000003      0x080001b4   Section        0  libshutdown2.o(.ARM.Collect$$libshutdown$$00000003)
    .ARM.Collect$$libshutdown$$00000006      0x080001b4   Section        0  libshutdown2.o(.ARM.Collect$$libshutdown$$00000006)
    .ARM.Collect$$libshutdown$$00000009      0x080001b4   Section        0  libshutdown2.o(.ARM.Collect$$libshutdown$$00000009)
    .ARM.Collect$$libshutdown$$0000000B      0x080001b4   Section        0  libshutdown2.o(.ARM.Collect$$libshutdown$$0000000B)
    .ARM.Collect$$libshutdown$$0000000E      0x080001b4   Section        0  libshutdown2.o(.ARM.Collect$$libshutdown$$0000000E)
    .ARM.Collect$$libshutdown$$0000000F      0x080001b4   Section        2  libshutdown2.o(.ARM.Collect$$libshutdown$$0000000F)
    .ARM.Collect$$rtentry$$00000000          0x080001b6   Section        0  __rtentry.o(.ARM.Collect$$rtentry$$00000000)
    .ARM.Collect$$rtentry$$00000002          0x080001b6   Section        0  __rtentry2.o(.ARM.Collect$$rtentry$$00000002)
    .ARM.Collect$$rtentry$$00000004          0x080001b6   Section        6  __rtentry4.o(.ARM.Collect$$rtentry$$00000004)
    .ARM.Collect$$rtentry$$00000009          0x080001bc   Section        0  __rtentry2.o(.ARM.Collect$$rtentry$$00000009)
    .ARM.Collect$$rtentry$$0000000A          0x080001bc   Section        4  __rtentry2.o(.ARM.Collect$$rtentry$$0000000A)
    .ARM.Collect$$rtentry$$0000000C          0x080001c0   Section        0  __rtentry2.o(.ARM.Collect$$rtentry$$0000000C)
    .ARM.Collect$$rtentry$$0000000D          0x080001c0   Section        8  __rtentry2.o(.ARM.Collect$$rtentry$$0000000D)
    .ARM.Collect$$rtexit$$00000000           0x080001c8   Section        2  rtexit.o(.ARM.Collect$$rtexit$$00000000)
    .ARM.Collect$$rtexit$$00000002           0x080001ca   Section        0  rtexit2.o(.ARM.Collect$$rtexit$$00000002)
    .ARM.Collect$$rtexit$$00000003           0x080001ca   Section        4  rtexit2.o(.ARM.Collect$$rtexit$$00000003)
    .ARM.Collect$$rtexit$$00000004           0x080001ce   Section        6  rtexit2.o(.ARM.Collect$$rtexit$$00000004)
    .text                                    0x080001d4   Section       64  startup_stm32f10x_hd.o(.text)
    .text                                    0x08000214   Section        2  use_no_semi_2.o(.text)
    .text                                    0x08000218   Section        0  noretval__2printf.o(.text)
    .text                                    0x08000230   Section        0  __printf.o(.text)
    .text                                    0x08000298   Section        0  _printf_hex_int.o(.text)
    .text                                    0x080002f0   Section        0  heapauxi.o(.text)
    .text                                    0x080002f6   Section        2  use_no_semi.o(.text)
    .text                                    0x080002f8   Section        0  _printf_intcommon.o(.text)
    .text                                    0x080003ac   Section        0  _printf_char_file.o(.text)
    .text                                    0x080003d0   Section        0  _printf_char_common.o(.text)
    _printf_input_char                       0x080003d1   Thumb Code    10  _printf_char_common.o(.text)
    .text                                    0x08000400   Section        0  ferror.o(.text)
    .text                                    0x08000408   Section       74  sys_stackheap_outer.o(.text)
    .text                                    0x08000452   Section        0  exit.o(.text)
    .text                                    0x08000460   Section        8  libspace.o(.text)
    i.BusFault_Handler                       0x08000468   Section        0  stm32f10x_it.o(i.BusFault_Handler)
    i.CLK_init_ON                            0x0800046c   Section        0  ov7670.o(i.CLK_init_ON)
    i.DebugMon_Handler                       0x080004a0   Section        0  stm32f10x_it.o(i.DebugMon_Handler)
    i.FSMC_NORSRAMCmd                        0x080004a4   Section        0  stm32f10x_fsmc.o(i.FSMC_NORSRAMCmd)
    i.FSMC_NORSRAMInit                       0x080004c4   Section        0  stm32f10x_fsmc.o(i.FSMC_NORSRAMInit)
    i.GPIO_Init                              0x0800058c   Section        0  stm32f10x_gpio.o(i.GPIO_Init)
    i.GPIO_PinRemapConfig                    0x08000630   Section        0  stm32f10x_gpio.o(i.GPIO_PinRemapConfig)
    i.GPIO_ResetBits                         0x08000688   Section        0  stm32f10x_gpio.o(i.GPIO_ResetBits)
    i.GPIO_SetBits                           0x0800068c   Section        0  stm32f10x_gpio.o(i.GPIO_SetBits)
    i.HardFault_Handler                      0x08000690   Section        0  stm32f10x_it.o(i.HardFault_Handler)
    i.LCD_BGR2RGB                            0x08000692   Section        0  lcd.o(i.LCD_BGR2RGB)
    i.LCD_Clear                              0x080006a4   Section        0  lcd.o(i.LCD_Clear)
    i.LCD_Display_Dir                        0x08000710   Section        0  lcd.o(i.LCD_Display_Dir)
    i.LCD_Init                               0x08000844   Section        0  lcd.o(i.LCD_Init)
    i.LCD_RD_DATA                            0x0800365c   Section        0  lcd.o(i.LCD_RD_DATA)
    i.LCD_ReadPoint                          0x08003670   Section        0  lcd.o(i.LCD_ReadPoint)
    i.LCD_ReadReg                            0x08003778   Section        0  lcd.o(i.LCD_ReadReg)
    i.LCD_SSD_BackLightSet                   0x08003790   Section        0  lcd.o(i.LCD_SSD_BackLightSet)
    i.LCD_Scan_Dir                           0x080037cc   Section        0  lcd.o(i.LCD_Scan_Dir)
    i.LCD_SetCursor                          0x08003974   Section        0  lcd.o(i.LCD_SetCursor)
    i.LCD_WriteRAM_Prepare                   0x08003ab4   Section        0  lcd.o(i.LCD_WriteRAM_Prepare)
    i.LCD_WriteReg                           0x08003ac8   Section        0  lcd.o(i.LCD_WriteReg)
    i.LED_Init                               0x08003ad8   Section        0  led.o(i.LED_Init)
    i.MemManage_Handler                      0x08003b28   Section        0  stm32f10x_it.o(i.MemManage_Handler)
    i.NMI_Handler                            0x08003b2a   Section        0  stm32f10x_it.o(i.NMI_Handler)
    i.NVIC_Init                              0x08003b2c   Section        0  misc.o(i.NVIC_Init)
    i.NVIC_PriorityGroupConfig               0x08003b90   Section        0  misc.o(i.NVIC_PriorityGroupConfig)
    i.OV7670_Init                            0x08003ba4   Section        0  ov7670.o(i.OV7670_Init)
    i.OV7670_Window_Set                      0x08003ce4   Section        0  ov7670.o(i.OV7670_Window_Set)
    i.PendSV_Handler                         0x08003d52   Section        0  stm32f10x_it.o(i.PendSV_Handler)
    i.RCC_AHBPeriphClockCmd                  0x08003d54   Section        0  stm32f10x_rcc.o(i.RCC_AHBPeriphClockCmd)
    i.RCC_APB2PeriphClockCmd                 0x08003d6c   Section        0  stm32f10x_rcc.o(i.RCC_APB2PeriphClockCmd)
    i.RCC_GetClocksFreq                      0x08003d84   Section        0  stm32f10x_rcc.o(i.RCC_GetClocksFreq)
    i.RCC_MCOConfig                          0x08003e14   Section        0  stm32f10x_rcc.o(i.RCC_MCOConfig)
    i.SCCB_Init                              0x08003e20   Section        0  sccb.o(i.SCCB_Init)
    i.SCCB_No_Ack                            0x08003e8c   Section        0  sccb.o(i.SCCB_No_Ack)
    i.SCCB_RD_Byte                           0x08003ed0   Section        0  sccb.o(i.SCCB_RD_Byte)
    i.SCCB_RD_Reg                            0x08003f44   Section        0  sccb.o(i.SCCB_RD_Reg)
    i.SCCB_Start                             0x08003f90   Section        0  sccb.o(i.SCCB_Start)
    i.SCCB_Stop                              0x08003fc4   Section        0  sccb.o(i.SCCB_Stop)
    i.SCCB_WR_Byte                           0x08003ffc   Section        0  sccb.o(i.SCCB_WR_Byte)
    i.SCCB_WR_Reg                            0x0800408c   Section        0  sccb.o(i.SCCB_WR_Reg)
    i.SVC_Handler                            0x080040ca   Section        0  stm32f10x_it.o(i.SVC_Handler)
    i.Send_Frame_Header                      0x080040cc   Section        0  usart.o(i.Send_Frame_Header)
    i.Send_Frame_Tail                        0x080040d2   Section        0  usart.o(i.Send_Frame_Tail)
    i.Send_Image_Data                        0x080040d8   Section        0  usart.o(i.Send_Image_Data)
    i.SetSysClockTo72                        0x080040f4   Section        0  system_stm32f10x.o(i.SetSysClockTo72)
    SetSysClockTo72                          0x080040f5   Thumb Code   160  system_stm32f10x.o(i.SetSysClockTo72)
    i.SysTick_CLKSourceConfig                0x0800419c   Section        0  misc.o(i.SysTick_CLKSourceConfig)
    i.SysTick_Handler                        0x080041b4   Section        0  stm32f10x_it.o(i.SysTick_Handler)
    i.SystemInit                             0x080041b8   Section        0  system_stm32f10x.o(i.SystemInit)
    i.USART1_IRQHandler                      0x08004208   Section        0  usart.o(i.USART1_IRQHandler)
    i.USART_Cmd                              0x0800426c   Section        0  stm32f10x_usart.o(i.USART_Cmd)
    i.USART_GetFlagStatus                    0x08004280   Section        0  stm32f10x_usart.o(i.USART_GetFlagStatus)
    i.USART_GetITStatus                      0x0800428e   Section        0  stm32f10x_usart.o(i.USART_GetITStatus)
    i.USART_ITConfig                         0x080042cc   Section        0  stm32f10x_usart.o(i.USART_ITConfig)
    i.USART_Init                             0x080042fc   Section        0  stm32f10x_usart.o(i.USART_Init)
    i.USART_ReceiveData                      0x080043a8   Section        0  stm32f10x_usart.o(i.USART_ReceiveData)
    i.USART_SendByte                         0x080043b0   Section        0  usart.o(i.USART_SendByte)
    i.USART_SendData                         0x080043d4   Section        0  stm32f10x_usart.o(i.USART_SendData)
    i.UsageFault_Handler                     0x080043dc   Section        0  stm32f10x_it.o(i.UsageFault_Handler)
    i._sys_exit                              0x080043de   Section        0  usart.o(i._sys_exit)
    i.delay_init                             0x080043e0   Section        0  delay.o(i.delay_init)
    i.delay_ms                               0x0800441c   Section        0  delay.o(i.delay_ms)
    i.delay_us                               0x08004450   Section        0  delay.o(i.delay_us)
    i.fputc                                  0x08004484   Section        0  usart.o(i.fputc)
    i.main                                   0x0800449c   Section        0  main.o(i.main)
    i.my_mem_init                            0x08004604   Section        0  malloc.o(i.my_mem_init)
    i.my_mem_perused                         0x08004640   Section        0  malloc.o(i.my_mem_perused)
    i.mymemset                               0x08004678   Section        0  malloc.o(i.mymemset)
    i.uart_init                              0x08004688   Section        0  usart.o(i.uart_init)
    x$fpl$dfixu                              0x08004728   Section       90  dfixu.o(x$fpl$dfixu)
    x$fpl$dfltu                              0x08004782   Section       38  dflt_clz.o(x$fpl$dfltu)
    x$fpl$dmul                               0x080047a8   Section      340  dmul.o(x$fpl$dmul)
    x$fpl$dnaninf                            0x080048fc   Section      156  dnaninf.o(x$fpl$dnaninf)
    x$fpl$dretinf                            0x08004998   Section       12  dretinf.o(x$fpl$dretinf)
    .constdata                               0x080049a4   Section      342  ov7670.o(.constdata)
    x$fpl$usenofp                            0x080049a4   Section        0  usenofp.o(x$fpl$usenofp)
    .constdata                               0x08004afc   Section       24  malloc.o(.constdata)
    .constdata                               0x08004b14   Section       40  _printf_hex_int.o(.constdata)
    uc_hextab                                0x08004b14   Data          20  _printf_hex_int.o(.constdata)
    lc_hextab                                0x08004b28   Data          20  _printf_hex_int.o(.constdata)
    .data                                    0x20000000   Section       20  system_stm32f10x.o(.data)
    .data                                    0x20000014   Section        4  lcd.o(.data)
    .data                                    0x20000018   Section       28  malloc.o(.data)
    .data                                    0x20000034   Section        4  delay.o(.data)
    fac_us                                   0x20000034   Data           1  delay.o(.data)
    fac_ms                                   0x20000036   Data           2  delay.o(.data)
    .data                                    0x20000038   Section        2  usart.o(.data)
    .data                                    0x2000003c   Section        4  usart.o(.data)
    .data                                    0x20000040   Section       20  stm32f10x_rcc.o(.data)
    ADCPrescTable                            0x20000040   Data           4  stm32f10x_rcc.o(.data)
    APBAHBPrescTable                         0x20000044   Data          16  stm32f10x_rcc.o(.data)
    .bss                                     0x20000054   Section      640  main.o(.bss)
    .bss                                     0x200002d4   Section       14  lcd.o(.bss)
    .bss                                     0x20000300   Section    40960  malloc.o(.bss)
    .bss                                     0x2000a300   Section     2560  malloc.o(.bss)
    .bss                                     0x2000ad00   Section      200  usart.o(.bss)
    .bss                                     0x2000adc8   Section       96  libspace.o(.bss)
    HEAP                                     0x2000ae28   Section      512  startup_stm32f10x_hd.o(HEAP)
    Heap_Mem                                 0x2000ae28   Data         512  startup_stm32f10x_hd.o(HEAP)
    STACK                                    0x2000b028   Section     1024  startup_stm32f10x_hd.o(STACK)
    Stack_Mem                                0x2000b028   Data        1024  startup_stm32f10x_hd.o(STACK)
    __initial_sp                             0x2000b428   Data           0  startup_stm32f10x_hd.o(STACK)
    .ARM.__AT_0x68000000                     0x68000000   Section       32  malloc.o(.ARM.__AT_0x68000000)
    .ARM.__AT_0x68000020                     0x68000020   Section        2  malloc.o(.ARM.__AT_0x68000020)

    Global Symbols

    Symbol Name                              Value     Ov Type        Size  Object(Section)

    BuildAttributes$$THM_ISAv4$P$D$K$B$S$PE$A:L22UL41UL21$X:L11$S22US41US21$IEEE1$IW$USESV6$~STKCKD$USESV7$~SHL$OSPACE$ROPI$EBA8$UX$STANDARDLIB$REQ8$PRES8$EABIv2 0x00000000   Number         0  anon$$obj.o ABSOLUTE
    __ARM_use_no_argv                        0x00000000   Number         0  main.o ABSOLUTE
    __ARM_exceptions_init                     - Undefined Weak Reference
    __alloca_initialize                       - Undefined Weak Reference
    __arm_preinit_                            - Undefined Weak Reference
    __cpp_initialize__aeabi_                  - Undefined Weak Reference
    __cxa_finalize                            - Undefined Weak Reference
    __rt_locale                               - Undefined Weak Reference
    __sigvec_lookup                           - Undefined Weak Reference
    _atexit_init                              - Undefined Weak Reference
    _call_atexit_fns                          - Undefined Weak Reference
    _clock_init                               - Undefined Weak Reference
    _fp_trap_init                             - Undefined Weak Reference
    _fp_trap_shutdown                         - Undefined Weak Reference
    _get_lc_collate                           - Undefined Weak Reference
    _get_lc_ctype                             - Undefined Weak Reference
    _get_lc_monetary                          - Undefined Weak Reference
    _get_lc_numeric                           - Undefined Weak Reference
    _get_lc_time                              - Undefined Weak Reference
    _getenv_init                              - Undefined Weak Reference
    _handle_redirection                       - Undefined Weak Reference
    _init_alloc                               - Undefined Weak Reference
    _init_user_alloc                          - Undefined Weak Reference
    _initio                                   - Undefined Weak Reference
    _mutex_acquire                            - Undefined Weak Reference
    _mutex_release                            - Undefined Weak Reference
    _printf_post_padding                      - Undefined Weak Reference
    _printf_pre_padding                       - Undefined Weak Reference
    _printf_truncate_unsigned                 - Undefined Weak Reference
    _rand_init                                - Undefined Weak Reference
    _signal_finish                            - Undefined Weak Reference
    _signal_init                              - Undefined Weak Reference
    _terminate_alloc                          - Undefined Weak Reference
    _terminate_user_alloc                     - Undefined Weak Reference
    _terminateio                              - Undefined Weak Reference
    __Vectors_Size                           0x00000130   Number         0  startup_stm32f10x_hd.o ABSOLUTE
    __Vectors                                0x08000000   Data           4  startup_stm32f10x_hd.o(RESET)
    __Vectors_End                            0x08000130   Data           0  startup_stm32f10x_hd.o(RESET)
    __main                                   0x08000131   Thumb Code     8  __main.o(!!!main)
    __scatterload                            0x08000139   Thumb Code     0  __scatter.o(!!!scatter)
    __scatterload_rt2                        0x08000139   Thumb Code    44  __scatter.o(!!!scatter)
    __scatterload_rt2_thumb_only             0x08000139   Thumb Code     0  __scatter.o(!!!scatter)
    __scatterload_null                       0x08000147   Thumb Code     0  __scatter.o(!!!scatter)
    __scatterload_copy                       0x0800016d   Thumb Code    26  __scatter_copy.o(!!handler_copy)
    __scatterload_zeroinit                   0x08000189   Thumb Code    28  __scatter_zi.o(!!handler_zi)
    _printf_percent                          0x080001a5   Thumb Code     0  _printf_percent.o(.ARM.Collect$$_printf_percent$$00000000)
    _printf_x                                0x080001a5   Thumb Code     0  _printf_x.o(.ARM.Collect$$_printf_percent$$0000000C)
    _printf_percent_end                      0x080001ab   Thumb Code     0  _printf_percent_end.o(.ARM.Collect$$_printf_percent$$00000017)
    __rt_lib_init                            0x080001af   Thumb Code     0  libinit.o(.ARM.Collect$$libinit$$00000000)
    __rt_lib_init_alloca_1                   0x080001b1   Thumb Code     0  libinit2.o(.ARM.Collect$$libinit$$0000002E)
    __rt_lib_init_argv_1                     0x080001b1   Thumb Code     0  libinit2.o(.ARM.Collect$$libinit$$0000002C)
    __rt_lib_init_atexit_1                   0x080001b1   Thumb Code     0  libinit2.o(.ARM.Collect$$libinit$$0000001B)
    __rt_lib_init_clock_1                    0x080001b1   Thumb Code     0  libinit2.o(.ARM.Collect$$libinit$$00000021)
    __rt_lib_init_cpp_1                      0x080001b1   Thumb Code     0  libinit2.o(.ARM.Collect$$libinit$$00000032)
    __rt_lib_init_exceptions_1               0x080001b1   Thumb Code     0  libinit2.o(.ARM.Collect$$libinit$$00000030)
    __rt_lib_init_fp_1                       0x080001b1   Thumb Code     0  libinit2.o(.ARM.Collect$$libinit$$00000002)
    __rt_lib_init_fp_trap_1                  0x080001b1   Thumb Code     0  libinit2.o(.ARM.Collect$$libinit$$0000001F)
    __rt_lib_init_getenv_1                   0x080001b1   Thumb Code     0  libinit2.o(.ARM.Collect$$libinit$$00000023)
    __rt_lib_init_heap_1                     0x080001b1   Thumb Code     0  libinit2.o(.ARM.Collect$$libinit$$0000000A)
    __rt_lib_init_lc_collate_1               0x080001b1   Thumb Code     0  libinit2.o(.ARM.Collect$$libinit$$00000011)
    __rt_lib_init_lc_ctype_1                 0x080001b1   Thumb Code     0  libinit2.o(.ARM.Collect$$libinit$$00000013)
    __rt_lib_init_lc_monetary_1              0x080001b1   Thumb Code     0  libinit2.o(.ARM.Collect$$libinit$$00000015)
    __rt_lib_init_lc_numeric_1               0x080001b1   Thumb Code     0  libinit2.o(.ARM.Collect$$libinit$$00000017)
    __rt_lib_init_lc_time_1                  0x080001b1   Thumb Code     0  libinit2.o(.ARM.Collect$$libinit$$00000019)
    __rt_lib_init_preinit_1                  0x080001b1   Thumb Code     0  libinit2.o(.ARM.Collect$$libinit$$00000004)
    __rt_lib_init_rand_1                     0x080001b1   Thumb Code     0  libinit2.o(.ARM.Collect$$libinit$$0000000E)
    __rt_lib_init_return                     0x080001b1   Thumb Code     0  libinit2.o(.ARM.Collect$$libinit$$00000033)
    __rt_lib_init_signal_1                   0x080001b1   Thumb Code     0  libinit2.o(.ARM.Collect$$libinit$$0000001D)
    __rt_lib_init_stdio_1                    0x080001b1   Thumb Code     0  libinit2.o(.ARM.Collect$$libinit$$00000025)
    __rt_lib_init_user_alloc_1               0x080001b1   Thumb Code     0  libinit2.o(.ARM.Collect$$libinit$$0000000C)
    __rt_lib_shutdown                        0x080001b3   Thumb Code     0  libshutdown.o(.ARM.Collect$$libshutdown$$00000000)
    __rt_lib_shutdown_fp_trap_1              0x080001b5   Thumb Code     0  libshutdown2.o(.ARM.Collect$$libshutdown$$00000006)
    __rt_lib_shutdown_heap_1                 0x080001b5   Thumb Code     0  libshutdown2.o(.ARM.Collect$$libshutdown$$0000000E)
    __rt_lib_shutdown_return                 0x080001b5   Thumb Code     0  libshutdown2.o(.ARM.Collect$$libshutdown$$0000000F)
    __rt_lib_shutdown_signal_1               0x080001b5   Thumb Code     0  libshutdown2.o(.ARM.Collect$$libshutdown$$00000009)
    __rt_lib_shutdown_stdio_1                0x080001b5   Thumb Code     0  libshutdown2.o(.ARM.Collect$$libshutdown$$00000003)
    __rt_lib_shutdown_user_alloc_1           0x080001b5   Thumb Code     0  libshutdown2.o(.ARM.Collect$$libshutdown$$0000000B)
    __rt_entry                               0x080001b7   Thumb Code     0  __rtentry.o(.ARM.Collect$$rtentry$$00000000)
    __rt_entry_presh_1                       0x080001b7   Thumb Code     0  __rtentry2.o(.ARM.Collect$$rtentry$$00000002)
    __rt_entry_sh                            0x080001b7   Thumb Code     0  __rtentry4.o(.ARM.Collect$$rtentry$$00000004)
    __rt_entry_li                            0x080001bd   Thumb Code     0  __rtentry2.o(.ARM.Collect$$rtentry$$0000000A)
    __rt_entry_postsh_1                      0x080001bd   Thumb Code     0  __rtentry2.o(.ARM.Collect$$rtentry$$00000009)
    __rt_entry_main                          0x080001c1   Thumb Code     0  __rtentry2.o(.ARM.Collect$$rtentry$$0000000D)
    __rt_entry_postli_1                      0x080001c1   Thumb Code     0  __rtentry2.o(.ARM.Collect$$rtentry$$0000000C)
    __rt_exit                                0x080001c9   Thumb Code     0  rtexit.o(.ARM.Collect$$rtexit$$00000000)
    __rt_exit_ls                             0x080001cb   Thumb Code     0  rtexit2.o(.ARM.Collect$$rtexit$$00000003)
    __rt_exit_prels_1                        0x080001cb   Thumb Code     0  rtexit2.o(.ARM.Collect$$rtexit$$00000002)
    __rt_exit_exit                           0x080001cf   Thumb Code     0  rtexit2.o(.ARM.Collect$$rtexit$$00000004)
    Reset_Handler                            0x080001d5   Thumb Code     8  startup_stm32f10x_hd.o(.text)
    ADC1_2_IRQHandler                        0x080001ef   Thumb Code     0  startup_stm32f10x_hd.o(.text)
    ADC3_IRQHandler                          0x080001ef   Thumb Code     0  startup_stm32f10x_hd.o(.text)
    CAN1_RX1_IRQHandler                      0x080001ef   Thumb Code     0  startup_stm32f10x_hd.o(.text)
    CAN1_SCE_IRQHandler                      0x080001ef   Thumb Code     0  startup_stm32f10x_hd.o(.text)
    DMA1_Channel1_IRQHandler                 0x080001ef   Thumb Code     0  startup_stm32f10x_hd.o(.text)
    DMA1_Channel2_IRQHandler                 0x080001ef   Thumb Code     0  startup_stm32f10x_hd.o(.text)
    DMA1_Channel3_IRQHandler                 0x080001ef   Thumb Code     0  startup_stm32f10x_hd.o(.text)
    DMA1_Channel4_IRQHandler                 0x080001ef   Thumb Code     0  startup_stm32f10x_hd.o(.text)
    DMA1_Channel5_IRQHandler                 0x080001ef   Thumb Code     0  startup_stm32f10x_hd.o(.text)
    DMA1_Channel6_IRQHandler                 0x080001ef   Thumb Code     0  startup_stm32f10x_hd.o(.text)
    DMA1_Channel7_IRQHandler                 0x080001ef   Thumb Code     0  startup_stm32f10x_hd.o(.text)
    DMA2_Channel1_IRQHandler                 0x080001ef   Thumb Code     0  startup_stm32f10x_hd.o(.text)
    DMA2_Channel2_IRQHandler                 0x080001ef   Thumb Code     0  startup_stm32f10x_hd.o(.text)
    DMA2_Channel3_IRQHandler                 0x080001ef   Thumb Code     0  startup_stm32f10x_hd.o(.text)
    DMA2_Channel4_5_IRQHandler               0x080001ef   Thumb Code     0  startup_stm32f10x_hd.o(.text)
    EXTI0_IRQHandler                         0x080001ef   Thumb Code     0  startup_stm32f10x_hd.o(.text)
    EXTI15_10_IRQHandler                     0x080001ef   Thumb Code     0  startup_stm32f10x_hd.o(.text)
    EXTI1_IRQHandler                         0x080001ef   Thumb Code     0  startup_stm32f10x_hd.o(.text)
    EXTI2_IRQHandler                         0x080001ef   Thumb Code     0  startup_stm32f10x_hd.o(.text)
    EXTI3_IRQHandler                         0x080001ef   Thumb Code     0  startup_stm32f10x_hd.o(.text)
    EXTI4_IRQHandler                         0x080001ef   Thumb Code     0  startup_stm32f10x_hd.o(.text)
    EXTI9_5_IRQHandler                       0x080001ef   Thumb Code     0  startup_stm32f10x_hd.o(.text)
    FLASH_IRQHandler                         0x080001ef   Thumb Code     0  startup_stm32f10x_hd.o(.text)
    FSMC_IRQHandler                          0x080001ef   Thumb Code     0  startup_stm32f10x_hd.o(.text)
    I2C1_ER_IRQHandler                       0x080001ef   Thumb Code     0  startup_stm32f10x_hd.o(.text)
    I2C1_EV_IRQHandler                       0x080001ef   Thumb Code     0  startup_stm32f10x_hd.o(.text)
    I2C2_ER_IRQHandler                       0x080001ef   Thumb Code     0  startup_stm32f10x_hd.o(.text)
    I2C2_EV_IRQHandler                       0x080001ef   Thumb Code     0  startup_stm32f10x_hd.o(.text)
    PVD_IRQHandler                           0x080001ef   Thumb Code     0  startup_stm32f10x_hd.o(.text)
    RCC_IRQHandler                           0x080001ef   Thumb Code     0  startup_stm32f10x_hd.o(.text)
    RTCAlarm_IRQHandler                      0x080001ef   Thumb Code     0  startup_stm32f10x_hd.o(.text)
    RTC_IRQHandler                           0x080001ef   Thumb Code     0  startup_stm32f10x_hd.o(.text)
    SDIO_IRQHandler                          0x080001ef   Thumb Code     0  startup_stm32f10x_hd.o(.text)
    SPI1_IRQHandler                          0x080001ef   Thumb Code     0  startup_stm32f10x_hd.o(.text)
    SPI2_IRQHandler                          0x080001ef   Thumb Code     0  startup_stm32f10x_hd.o(.text)
    SPI3_IRQHandler                          0x080001ef   Thumb Code     0  startup_stm32f10x_hd.o(.text)
    TAMPER_IRQHandler                        0x080001ef   Thumb Code     0  startup_stm32f10x_hd.o(.text)
    TIM1_BRK_IRQHandler                      0x080001ef   Thumb Code     0  startup_stm32f10x_hd.o(.text)
    TIM1_CC_IRQHandler                       0x080001ef   Thumb Code     0  startup_stm32f10x_hd.o(.text)
    TIM1_TRG_COM_IRQHandler                  0x080001ef   Thumb Code     0  startup_stm32f10x_hd.o(.text)
    TIM1_UP_IRQHandler                       0x080001ef   Thumb Code     0  startup_stm32f10x_hd.o(.text)
    TIM2_IRQHandler                          0x080001ef   Thumb Code     0  startup_stm32f10x_hd.o(.text)
    TIM3_IRQHandler                          0x080001ef   Thumb Code     0  startup_stm32f10x_hd.o(.text)
    TIM4_IRQHandler                          0x080001ef   Thumb Code     0  startup_stm32f10x_hd.o(.text)
    TIM5_IRQHandler                          0x080001ef   Thumb Code     0  startup_stm32f10x_hd.o(.text)
    TIM6_IRQHandler                          0x080001ef   Thumb Code     0  startup_stm32f10x_hd.o(.text)
    TIM7_IRQHandler                          0x080001ef   Thumb Code     0  startup_stm32f10x_hd.o(.text)
    TIM8_BRK_IRQHandler                      0x080001ef   Thumb Code     0  startup_stm32f10x_hd.o(.text)
    TIM8_CC_IRQHandler                       0x080001ef   Thumb Code     0  startup_stm32f10x_hd.o(.text)
    TIM8_TRG_COM_IRQHandler                  0x080001ef   Thumb Code     0  startup_stm32f10x_hd.o(.text)
    TIM8_UP_IRQHandler                       0x080001ef   Thumb Code     0  startup_stm32f10x_hd.o(.text)
    UART4_IRQHandler                         0x080001ef   Thumb Code     0  startup_stm32f10x_hd.o(.text)
    UART5_IRQHandler                         0x080001ef   Thumb Code     0  startup_stm32f10x_hd.o(.text)
    USART2_IRQHandler                        0x080001ef   Thumb Code     0  startup_stm32f10x_hd.o(.text)
    USART3_IRQHandler                        0x080001ef   Thumb Code     0  startup_stm32f10x_hd.o(.text)
    USBWakeUp_IRQHandler                     0x080001ef   Thumb Code     0  startup_stm32f10x_hd.o(.text)
    USB_HP_CAN1_TX_IRQHandler                0x080001ef   Thumb Code     0  startup_stm32f10x_hd.o(.text)
    USB_LP_CAN1_RX0_IRQHandler               0x080001ef   Thumb Code     0  startup_stm32f10x_hd.o(.text)
    WWDG_IRQHandler                          0x080001ef   Thumb Code     0  startup_stm32f10x_hd.o(.text)
    __user_initial_stackheap                 0x080001f1   Thumb Code     0  startup_stm32f10x_hd.o(.text)
    __use_no_semihosting                     0x08000215   Thumb Code     2  use_no_semi_2.o(.text)
    __2printf                                0x08000219   Thumb Code    20  noretval__2printf.o(.text)
    __printf                                 0x08000231   Thumb Code   104  __printf.o(.text)
    _printf_int_hex                          0x08000299   Thumb Code    84  _printf_hex_int.o(.text)
    _printf_longlong_hex                     0x08000299   Thumb Code     0  _printf_hex_int.o(.text)
    __use_two_region_memory                  0x080002f1   Thumb Code     2  heapauxi.o(.text)
    __rt_heap_escrow$2region                 0x080002f3   Thumb Code     2  heapauxi.o(.text)
    __rt_heap_expand$2region                 0x080002f5   Thumb Code     2  heapauxi.o(.text)
    __I$use$semihosting                      0x080002f7   Thumb Code     0  use_no_semi.o(.text)
    __use_no_semihosting_swi                 0x080002f7   Thumb Code     2  use_no_semi.o(.text)
    _printf_int_common                       0x080002f9   Thumb Code   178  _printf_intcommon.o(.text)
    _printf_char_file                        0x080003ad   Thumb Code    32  _printf_char_file.o(.text)
    _printf_char_common                      0x080003db   Thumb Code    32  _printf_char_common.o(.text)
    ferror                                   0x08000401   Thumb Code     8  ferror.o(.text)
    __user_setup_stackheap                   0x08000409   Thumb Code    74  sys_stackheap_outer.o(.text)
    exit                                     0x08000453   Thumb Code    12  exit.o(.text)
    __user_libspace                          0x08000461   Thumb Code     8  libspace.o(.text)
    __user_perproc_libspace                  0x08000461   Thumb Code     0  libspace.o(.text)
    __user_perthread_libspace                0x08000461   Thumb Code     0  libspace.o(.text)
    BusFault_Handler                         0x08000469   Thumb Code     2  stm32f10x_it.o(i.BusFault_Handler)
    CLK_init_ON                              0x0800046d   Thumb Code    46  ov7670.o(i.CLK_init_ON)
    DebugMon_Handler                         0x080004a1   Thumb Code     2  stm32f10x_it.o(i.DebugMon_Handler)
    FSMC_NORSRAMCmd                          0x080004a5   Thumb Code    26  stm32f10x_fsmc.o(i.FSMC_NORSRAMCmd)
    FSMC_NORSRAMInit                         0x080004c5   Thumb Code   200  stm32f10x_fsmc.o(i.FSMC_NORSRAMInit)
    GPIO_Init                                0x0800058d   Thumb Code   162  stm32f10x_gpio.o(i.GPIO_Init)
    GPIO_PinRemapConfig                      0x08000631   Thumb Code    82  stm32f10x_gpio.o(i.GPIO_PinRemapConfig)
    GPIO_ResetBits                           0x08000689   Thumb Code     4  stm32f10x_gpio.o(i.GPIO_ResetBits)
    GPIO_SetBits                             0x0800068d   Thumb Code     4  stm32f10x_gpio.o(i.GPIO_SetBits)
    HardFault_Handler                        0x08000691   Thumb Code     2  stm32f10x_it.o(i.HardFault_Handler)
    LCD_BGR2RGB                              0x08000693   Thumb Code    18  lcd.o(i.LCD_BGR2RGB)
    LCD_Clear                                0x080006a5   Thumb Code    98  lcd.o(i.LCD_Clear)
    LCD_Display_Dir                          0x08000711   Thumb Code   304  lcd.o(i.LCD_Display_Dir)
    LCD_Init                                 0x08000845   Thumb Code 11794  lcd.o(i.LCD_Init)
    LCD_RD_DATA                              0x0800365d   Thumb Code    16  lcd.o(i.LCD_RD_DATA)
    LCD_ReadPoint                            0x08003671   Thumb Code   254  lcd.o(i.LCD_ReadPoint)
    LCD_ReadReg                              0x08003779   Thumb Code    20  lcd.o(i.LCD_ReadReg)
    LCD_SSD_BackLightSet                     0x08003791   Thumb Code    50  lcd.o(i.LCD_SSD_BackLightSet)
    LCD_Scan_Dir                             0x080037cd   Thumb Code   414  lcd.o(i.LCD_Scan_Dir)
    LCD_SetCursor                            0x08003975   Thumb Code   310  lcd.o(i.LCD_SetCursor)
    LCD_WriteRAM_Prepare                     0x08003ab5   Thumb Code    10  lcd.o(i.LCD_WriteRAM_Prepare)
    LCD_WriteReg                             0x08003ac9   Thumb Code    10  lcd.o(i.LCD_WriteReg)
    LED_Init                                 0x08003ad9   Thumb Code    70  led.o(i.LED_Init)
    MemManage_Handler                        0x08003b29   Thumb Code     2  stm32f10x_it.o(i.MemManage_Handler)
    NMI_Handler                              0x08003b2b   Thumb Code     2  stm32f10x_it.o(i.NMI_Handler)
    NVIC_Init                                0x08003b2d   Thumb Code    94  misc.o(i.NVIC_Init)
    NVIC_PriorityGroupConfig                 0x08003b91   Thumb Code    10  misc.o(i.NVIC_PriorityGroupConfig)
    OV7670_Init                              0x08003ba5   Thumb Code   292  ov7670.o(i.OV7670_Init)
    OV7670_Window_Set                        0x08003ce5   Thumb Code   110  ov7670.o(i.OV7670_Window_Set)
    PendSV_Handler                           0x08003d53   Thumb Code     2  stm32f10x_it.o(i.PendSV_Handler)
    RCC_AHBPeriphClockCmd                    0x08003d55   Thumb Code    18  stm32f10x_rcc.o(i.RCC_AHBPeriphClockCmd)
    RCC_APB2PeriphClockCmd                   0x08003d6d   Thumb Code    18  stm32f10x_rcc.o(i.RCC_APB2PeriphClockCmd)
    RCC_GetClocksFreq                        0x08003d85   Thumb Code   128  stm32f10x_rcc.o(i.RCC_GetClocksFreq)
    RCC_MCOConfig                            0x08003e15   Thumb Code     6  stm32f10x_rcc.o(i.RCC_MCOConfig)
    SCCB_Init                                0x08003e21   Thumb Code    98  sccb.o(i.SCCB_Init)
    SCCB_No_Ack                              0x08003e8d   Thumb Code    58  sccb.o(i.SCCB_No_Ack)
    SCCB_RD_Byte                             0x08003ed1   Thumb Code   102  sccb.o(i.SCCB_RD_Byte)
    SCCB_RD_Reg                              0x08003f45   Thumb Code    76  sccb.o(i.SCCB_RD_Reg)
    SCCB_Start                               0x08003f91   Thumb Code    44  sccb.o(i.SCCB_Start)
    SCCB_Stop                                0x08003fc5   Thumb Code    46  sccb.o(i.SCCB_Stop)
    SCCB_WR_Byte                             0x08003ffd   Thumb Code   132  sccb.o(i.SCCB_WR_Byte)
    SCCB_WR_Reg                              0x0800408d   Thumb Code    62  sccb.o(i.SCCB_WR_Reg)
    SVC_Handler                              0x080040cb   Thumb Code     2  stm32f10x_it.o(i.SVC_Handler)
    Send_Frame_Header                        0x080040cd   Thumb Code     6  usart.o(i.Send_Frame_Header)
    Send_Frame_Tail                          0x080040d3   Thumb Code     6  usart.o(i.Send_Frame_Tail)
    Send_Image_Data                          0x080040d9   Thumb Code    26  usart.o(i.Send_Image_Data)
    SysTick_CLKSourceConfig                  0x0800419d   Thumb Code    24  misc.o(i.SysTick_CLKSourceConfig)
    SysTick_Handler                          0x080041b5   Thumb Code     2  stm32f10x_it.o(i.SysTick_Handler)
    SystemInit                               0x080041b9   Thumb Code    64  system_stm32f10x.o(i.SystemInit)
    USART1_IRQHandler                        0x08004209   Thumb Code    88  usart.o(i.USART1_IRQHandler)
    USART_Cmd                                0x0800426d   Thumb Code    20  stm32f10x_usart.o(i.USART_Cmd)
    USART_GetFlagStatus                      0x08004281   Thumb Code    14  stm32f10x_usart.o(i.USART_GetFlagStatus)
    USART_GetITStatus                        0x0800428f   Thumb Code    62  stm32f10x_usart.o(i.USART_GetITStatus)
    USART_ITConfig                           0x080042cd   Thumb Code    48  stm32f10x_usart.o(i.USART_ITConfig)
    USART_Init                               0x080042fd   Thumb Code   166  stm32f10x_usart.o(i.USART_Init)
    USART_ReceiveData                        0x080043a9   Thumb Code     8  stm32f10x_usart.o(i.USART_ReceiveData)
    USART_SendByte                           0x080043b1   Thumb Code    30  usart.o(i.USART_SendByte)
    USART_SendData                           0x080043d5   Thumb Code     8  stm32f10x_usart.o(i.USART_SendData)
    UsageFault_Handler                       0x080043dd   Thumb Code     2  stm32f10x_it.o(i.UsageFault_Handler)
    _sys_exit                                0x080043df   Thumb Code     2  usart.o(i._sys_exit)
    delay_init                               0x080043e1   Thumb Code    46  delay.o(i.delay_init)
    delay_ms                                 0x0800441d   Thumb Code    46  delay.o(i.delay_ms)
    delay_us                                 0x08004451   Thumb Code    46  delay.o(i.delay_us)
    fputc                                    0x08004485   Thumb Code    18  usart.o(i.fputc)
    main                                     0x0800449d   Thumb Code   332  main.o(i.main)
    my_mem_init                              0x08004605   Thumb Code    50  malloc.o(i.my_mem_init)
    my_mem_perused                           0x08004641   Thumb Code    48  malloc.o(i.my_mem_perused)
    mymemset                                 0x08004679   Thumb Code    14  malloc.o(i.mymemset)
    uart_init                                0x08004689   Thumb Code   152  usart.o(i.uart_init)
    __aeabi_d2uiz                            0x08004729   Thumb Code     0  dfixu.o(x$fpl$dfixu)
    _dfixu                                   0x08004729   Thumb Code    90  dfixu.o(x$fpl$dfixu)
    __aeabi_ui2d                             0x08004783   Thumb Code     0  dflt_clz.o(x$fpl$dfltu)
    _dfltu                                   0x08004783   Thumb Code    38  dflt_clz.o(x$fpl$dfltu)
    __aeabi_dmul                             0x080047a9   Thumb Code     0  dmul.o(x$fpl$dmul)
    _dmul                                    0x080047a9   Thumb Code   332  dmul.o(x$fpl$dmul)
    __fpl_dnaninf                            0x080048fd   Thumb Code   156  dnaninf.o(x$fpl$dnaninf)
    __fpl_dretinf                            0x08004999   Thumb Code    12  dretinf.o(x$fpl$dretinf)
    __I$use$fp                               0x080049a4   Number         0  usenofp.o(x$fpl$usenofp)
    ov7670_init_reg_tbl                      0x080049a4   Data         342  ov7670.o(.constdata)
    memtblsize                               0x08004afc   Data           8  malloc.o(.constdata)
    memblksize                               0x08004b04   Data           8  malloc.o(.constdata)
    memsize                                  0x08004b0c   Data           8  malloc.o(.constdata)
    Region$$Table$$Base                      0x08004b3c   Number         0  anon$$obj.o(Region$$Table)
    Region$$Table$$Limit                     0x08004b5c   Number         0  anon$$obj.o(Region$$Table)
    SystemCoreClock                          0x20000000   Data           4  system_stm32f10x.o(.data)
    AHBPrescTable                            0x20000004   Data          16  system_stm32f10x.o(.data)
    POINT_COLOR                              0x20000014   Data           2  lcd.o(.data)
    BACK_COLOR                               0x20000016   Data           2  lcd.o(.data)
    mallco_dev                               0x20000018   Data          28  malloc.o(.data)
    USART_RX_STA                             0x20000038   Data           2  usart.o(.data)
    __stdout                                 0x2000003c   Data           4  usart.o(.data)
    Row                                      0x20000054   Data         640  main.o(.bss)
    lcddev                                   0x200002d4   Data          14  lcd.o(.bss)
    mem1base                                 0x20000300   Data       40960  malloc.o(.bss)
    mem1mapbase                              0x2000a300   Data        2560  malloc.o(.bss)
    USART_RX_BUF                             0x2000ad00   Data         200  usart.o(.bss)
    __libspace_start                         0x2000adc8   Data          96  libspace.o(.bss)
    __temporary_stack_top$libspace           0x2000ae28   Data           0  libspace.o(.bss)
    mem2base                                 0x68000000   Data          32  malloc.o(.ARM.__AT_0x68000000)
    mem2mapbase                              0x68000020   Data           2  malloc.o(.ARM.__AT_0x68000020)



==============================================================================

Memory Map of the image

  Image Entry point : 0x08000131

  Load Region LR_IROM1 (Base: 0x08000000, Size: 0x00004bb0, Max: 0x00080000, ABSOLUTE)

    Execution Region ER_IROM1 (Base: 0x08000000, Size: 0x00004b5c, Max: 0x00080000, ABSOLUTE)

    Base Addr    Size         Type   Attr      Idx    E Section Name        Object

    0x08000000   0x00000130   Data   RO          866    RESET               startup_stm32f10x_hd.o
    0x08000130   0x00000008   Code   RO         2421  * !!!main             c_w.l(__main.o)
    0x08000138   0x00000034   Code   RO         2605    !!!scatter          c_w.l(__scatter.o)
    0x0800016c   0x0000001a   Code   RO         2607    !!handler_copy      c_w.l(__scatter_copy.o)
    0x08000186   0x00000002   PAD
    0x08000188   0x0000001c   Code   RO         2609    !!handler_zi        c_w.l(__scatter_zi.o)
    0x080001a4   0x00000000   Code   RO         2418    .ARM.Collect$$_printf_percent$$00000000  c_w.l(_printf_percent.o)
    0x080001a4   0x00000006   Code   RO         2417    .ARM.Collect$$_printf_percent$$0000000C  c_w.l(_printf_x.o)
    0x080001aa   0x00000004   Code   RO         2442    .ARM.Collect$$_printf_percent$$00000017  c_w.l(_printf_percent_end.o)
    0x080001ae   0x00000002   Code   RO         2480    .ARM.Collect$$libinit$$00000000  c_w.l(libinit.o)
    0x080001b0   0x00000000   Code   RO         2487    .ARM.Collect$$libinit$$00000002  c_w.l(libinit2.o)
    0x080001b0   0x00000000   Code   RO         2489    .ARM.Collect$$libinit$$00000004  c_w.l(libinit2.o)
    0x080001b0   0x00000000   Code   RO         2492    .ARM.Collect$$libinit$$0000000A  c_w.l(libinit2.o)
    0x080001b0   0x00000000   Code   RO         2494    .ARM.Collect$$libinit$$0000000C  c_w.l(libinit2.o)
    0x080001b0   0x00000000   Code   RO         2496    .ARM.Collect$$libinit$$0000000E  c_w.l(libinit2.o)
    0x080001b0   0x00000000   Code   RO         2499    .ARM.Collect$$libinit$$00000011  c_w.l(libinit2.o)
    0x080001b0   0x00000000   Code   RO         2501    .ARM.Collect$$libinit$$00000013  c_w.l(libinit2.o)
    0x080001b0   0x00000000   Code   RO         2503    .ARM.Collect$$libinit$$00000015  c_w.l(libinit2.o)
    0x080001b0   0x00000000   Code   RO         2505    .ARM.Collect$$libinit$$00000017  c_w.l(libinit2.o)
    0x080001b0   0x00000000   Code   RO         2507    .ARM.Collect$$libinit$$00000019  c_w.l(libinit2.o)
    0x080001b0   0x00000000   Code   RO         2509    .ARM.Collect$$libinit$$0000001B  c_w.l(libinit2.o)
    0x080001b0   0x00000000   Code   RO         2511    .ARM.Collect$$libinit$$0000001D  c_w.l(libinit2.o)
    0x080001b0   0x00000000   Code   RO         2513    .ARM.Collect$$libinit$$0000001F  c_w.l(libinit2.o)
    0x080001b0   0x00000000   Code   RO         2515    .ARM.Collect$$libinit$$00000021  c_w.l(libinit2.o)
    0x080001b0   0x00000000   Code   RO         2517    .ARM.Collect$$libinit$$00000023  c_w.l(libinit2.o)
    0x080001b0   0x00000000   Code   RO         2519    .ARM.Collect$$libinit$$00000025  c_w.l(libinit2.o)
    0x080001b0   0x00000000   Code   RO         2523    .ARM.Collect$$libinit$$0000002C  c_w.l(libinit2.o)
    0x080001b0   0x00000000   Code   RO         2525    .ARM.Collect$$libinit$$0000002E  c_w.l(libinit2.o)
    0x080001b0   0x00000000   Code   RO         2527    .ARM.Collect$$libinit$$00000030  c_w.l(libinit2.o)
    0x080001b0   0x00000000   Code   RO         2529    .ARM.Collect$$libinit$$00000032  c_w.l(libinit2.o)
    0x080001b0   0x00000002   Code   RO         2530    .ARM.Collect$$libinit$$00000033  c_w.l(libinit2.o)
    0x080001b2   0x00000002   Code   RO         2548    .ARM.Collect$$libshutdown$$00000000  c_w.l(libshutdown.o)
    0x080001b4   0x00000000   Code   RO         2559    .ARM.Collect$$libshutdown$$00000003  c_w.l(libshutdown2.o)
    0x080001b4   0x00000000   Code   RO         2562    .ARM.Collect$$libshutdown$$00000006  c_w.l(libshutdown2.o)
    0x080001b4   0x00000000   Code   RO         2565    .ARM.Collect$$libshutdown$$00000009  c_w.l(libshutdown2.o)
    0x080001b4   0x00000000   Code   RO         2567    .ARM.Collect$$libshutdown$$0000000B  c_w.l(libshutdown2.o)
    0x080001b4   0x00000000   Code   RO         2570    .ARM.Collect$$libshutdown$$0000000E  c_w.l(libshutdown2.o)
    0x080001b4   0x00000002   Code   RO         2571    .ARM.Collect$$libshutdown$$0000000F  c_w.l(libshutdown2.o)
    0x080001b6   0x00000000   Code   RO         2437    .ARM.Collect$$rtentry$$00000000  c_w.l(__rtentry.o)
    0x080001b6   0x00000000   Code   RO         2449    .ARM.Collect$$rtentry$$00000002  c_w.l(__rtentry2.o)
    0x080001b6   0x00000006   Code   RO         2461    .ARM.Collect$$rtentry$$00000004  c_w.l(__rtentry4.o)
    0x080001bc   0x00000000   Code   RO         2451    .ARM.Collect$$rtentry$$00000009  c_w.l(__rtentry2.o)
    0x080001bc   0x00000004   Code   RO         2452    .ARM.Collect$$rtentry$$0000000A  c_w.l(__rtentry2.o)
    0x080001c0   0x00000000   Code   RO         2454    .ARM.Collect$$rtentry$$0000000C  c_w.l(__rtentry2.o)
    0x080001c0   0x00000008   Code   RO         2455    .ARM.Collect$$rtentry$$0000000D  c_w.l(__rtentry2.o)
    0x080001c8   0x00000002   Code   RO         2484    .ARM.Collect$$rtexit$$00000000  c_w.l(rtexit.o)
    0x080001ca   0x00000000   Code   RO         2532    .ARM.Collect$$rtexit$$00000002  c_w.l(rtexit2.o)
    0x080001ca   0x00000004   Code   RO         2533    .ARM.Collect$$rtexit$$00000003  c_w.l(rtexit2.o)
    0x080001ce   0x00000006   Code   RO         2534    .ARM.Collect$$rtexit$$00000004  c_w.l(rtexit2.o)
    0x080001d4   0x00000040   Code   RO          867    .text               startup_stm32f10x_hd.o
    0x08000214   0x00000002   Code   RO         2368    .text               c_w.l(use_no_semi_2.o)
    0x08000216   0x00000002   PAD
    0x08000218   0x00000018   Code   RO         2372    .text               c_w.l(noretval__2printf.o)
    0x08000230   0x00000068   Code   RO         2374    .text               c_w.l(__printf.o)
    0x08000298   0x00000058   Code   RO         2379    .text               c_w.l(_printf_hex_int.o)
    0x080002f0   0x00000006   Code   RO         2419    .text               c_w.l(heapauxi.o)
    0x080002f6   0x00000002   Code   RO         2435    .text               c_w.l(use_no_semi.o)
    0x080002f8   0x000000b2   Code   RO         2438    .text               c_w.l(_printf_intcommon.o)
    0x080003aa   0x00000002   PAD
    0x080003ac   0x00000024   Code   RO         2440    .text               c_w.l(_printf_char_file.o)
    0x080003d0   0x00000030   Code   RO         2463    .text               c_w.l(_printf_char_common.o)
    0x08000400   0x00000008   Code   RO         2465    .text               c_w.l(ferror.o)
    0x08000408   0x0000004a   Code   RO         2469    .text               c_w.l(sys_stackheap_outer.o)
    0x08000452   0x0000000c   Code   RO         2473    .text               c_w.l(exit.o)
    0x0800045e   0x00000002   PAD
    0x08000460   0x00000008   Code   RO         2481    .text               c_w.l(libspace.o)
    0x08000468   0x00000002   Code   RO          191    i.BusFault_Handler  stm32f10x_it.o
    0x0800046a   0x00000002   PAD
    0x0800046c   0x00000034   Code   RO          547    i.CLK_init_ON       ov7670.o
    0x080004a0   0x00000002   Code   RO          192    i.DebugMon_Handler  stm32f10x_it.o
    0x080004a2   0x00000002   PAD
    0x080004a4   0x00000020   Code   RO          918    i.FSMC_NORSRAMCmd   stm32f10x_fsmc.o
    0x080004c4   0x000000c8   Code   RO          920    i.FSMC_NORSRAMInit  stm32f10x_fsmc.o
    0x0800058c   0x000000a2   Code   RO         1033    i.GPIO_Init         stm32f10x_gpio.o
    0x0800062e   0x00000002   PAD
    0x08000630   0x00000058   Code   RO         1035    i.GPIO_PinRemapConfig  stm32f10x_gpio.o
    0x08000688   0x00000004   Code   RO         1040    i.GPIO_ResetBits    stm32f10x_gpio.o
    0x0800068c   0x00000004   Code   RO         1041    i.GPIO_SetBits      stm32f10x_gpio.o
    0x08000690   0x00000002   Code   RO          193    i.HardFault_Handler  stm32f10x_it.o
    0x08000692   0x00000012   Code   RO          341    i.LCD_BGR2RGB       lcd.o
    0x080006a4   0x0000006c   Code   RO          342    i.LCD_Clear         lcd.o
    0x08000710   0x00000134   Code   RO          346    i.LCD_Display_Dir   lcd.o
    0x08000844   0x00002e18   Code   RO          353    i.LCD_Init          lcd.o
    0x0800365c   0x00000014   Code   RO          355    i.LCD_RD_DATA       lcd.o
    0x08003670   0x00000108   Code   RO          356    i.LCD_ReadPoint     lcd.o
    0x08003778   0x00000018   Code   RO          357    i.LCD_ReadReg       lcd.o
    0x08003790   0x0000003c   Code   RO          358    i.LCD_SSD_BackLightSet  lcd.o
    0x080037cc   0x000001a8   Code   RO          359    i.LCD_Scan_Dir      lcd.o
    0x08003974   0x00000140   Code   RO          360    i.LCD_SetCursor     lcd.o
    0x08003ab4   0x00000014   Code   RO          369    i.LCD_WriteRAM_Prepare  lcd.o
    0x08003ac8   0x00000010   Code   RO          370    i.LCD_WriteReg      lcd.o
    0x08003ad8   0x00000050   Code   RO          309    i.LED_Init          led.o
    0x08003b28   0x00000002   Code   RO          194    i.MemManage_Handler  stm32f10x_it.o
    0x08003b2a   0x00000002   Code   RO          195    i.NMI_Handler       stm32f10x_it.o
    0x08003b2c   0x00000064   Code   RO          871    i.NVIC_Init         misc.o
    0x08003b90   0x00000014   Code   RO          872    i.NVIC_PriorityGroupConfig  misc.o
    0x08003ba4   0x00000140   Code   RO          551    i.OV7670_Init       ov7670.o
    0x08003ce4   0x0000006e   Code   RO          554    i.OV7670_Window_Set  ov7670.o
    0x08003d52   0x00000002   Code   RO          196    i.PendSV_Handler    stm32f10x_it.o
    0x08003d54   0x00000018   Code   RO         1142    i.RCC_AHBPeriphClockCmd  stm32f10x_rcc.o
    0x08003d6c   0x00000018   Code   RO         1145    i.RCC_APB2PeriphClockCmd  stm32f10x_rcc.o
    0x08003d84   0x00000090   Code   RO         1153    i.RCC_GetClocksFreq  stm32f10x_rcc.o
    0x08003e14   0x0000000c   Code   RO         1163    i.RCC_MCOConfig     stm32f10x_rcc.o
    0x08003e20   0x0000006c   Code   RO          611    i.SCCB_Init         sccb.o
    0x08003e8c   0x00000044   Code   RO          612    i.SCCB_No_Ack       sccb.o
    0x08003ed0   0x00000074   Code   RO          613    i.SCCB_RD_Byte      sccb.o
    0x08003f44   0x0000004c   Code   RO          614    i.SCCB_RD_Reg       sccb.o
    0x08003f90   0x00000034   Code   RO          615    i.SCCB_Start        sccb.o
    0x08003fc4   0x00000038   Code   RO          616    i.SCCB_Stop         sccb.o
    0x08003ffc   0x00000090   Code   RO          617    i.SCCB_WR_Byte      sccb.o
    0x0800408c   0x0000003e   Code   RO          618    i.SCCB_WR_Reg       sccb.o
    0x080040ca   0x00000002   Code   RO          197    i.SVC_Handler       stm32f10x_it.o
    0x080040cc   0x00000006   Code   RO          788    i.Send_Frame_Header  usart.o
    0x080040d2   0x00000006   Code   RO          789    i.Send_Frame_Tail   usart.o
    0x080040d8   0x0000001a   Code   RO          790    i.Send_Image_Data   usart.o
    0x080040f2   0x00000002   PAD
    0x080040f4   0x000000a8   Code   RO          280    i.SetSysClockTo72   system_stm32f10x.o
    0x0800419c   0x00000018   Code   RO          875    i.SysTick_CLKSourceConfig  misc.o
    0x080041b4   0x00000002   Code   RO          198    i.SysTick_Handler   stm32f10x_it.o
    0x080041b6   0x00000002   PAD
    0x080041b8   0x00000050   Code   RO          282    i.SystemInit        system_stm32f10x.o
    0x08004208   0x00000064   Code   RO          791    i.USART1_IRQHandler  usart.o
    0x0800426c   0x00000014   Code   RO         1345    i.USART_Cmd         stm32f10x_usart.o
    0x08004280   0x0000000e   Code   RO         1348    i.USART_GetFlagStatus  stm32f10x_usart.o
    0x0800428e   0x0000003e   Code   RO         1349    i.USART_GetITStatus  stm32f10x_usart.o
    0x080042cc   0x00000030   Code   RO         1351    i.USART_ITConfig    stm32f10x_usart.o
    0x080042fc   0x000000ac   Code   RO         1352    i.USART_Init        stm32f10x_usart.o
    0x080043a8   0x00000008   Code   RO         1359    i.USART_ReceiveData  stm32f10x_usart.o
    0x080043b0   0x00000024   Code   RO          792    i.USART_SendByte    usart.o
    0x080043d4   0x00000008   Code   RO         1362    i.USART_SendData    stm32f10x_usart.o
    0x080043dc   0x00000002   Code   RO          199    i.UsageFault_Handler  stm32f10x_it.o
    0x080043de   0x00000002   Code   RO          793    i._sys_exit         usart.o
    0x080043e0   0x0000003c   Code   RO          733    i.delay_init        delay.o
    0x0800441c   0x00000034   Code   RO          734    i.delay_ms          delay.o
    0x08004450   0x00000034   Code   RO          735    i.delay_us          delay.o
    0x08004484   0x00000018   Code   RO          794    i.fputc             usart.o
    0x0800449c   0x00000168   Code   RO            1    i.main              main.o
    0x08004604   0x0000003c   Code   RO          665    i.my_mem_init       malloc.o
    0x08004640   0x00000038   Code   RO          667    i.my_mem_perused    malloc.o
    0x08004678   0x0000000e   Code   RO          671    i.mymemset          malloc.o
    0x08004686   0x00000002   PAD
    0x08004688   0x000000a0   Code   RO          795    i.uart_init         usart.o
    0x08004728   0x0000005a   Code   RO         2423    x$fpl$dfixu         fz_ws.l(dfixu.o)
    0x08004782   0x00000026   Code   RO         2427    x$fpl$dfltu         fz_ws.l(dflt_clz.o)
    0x080047a8   0x00000154   Code   RO         2433    x$fpl$dmul          fz_ws.l(dmul.o)
    0x080048fc   0x0000009c   Code   RO         2443    x$fpl$dnaninf       fz_ws.l(dnaninf.o)
    0x08004998   0x0000000c   Code   RO         2445    x$fpl$dretinf       fz_ws.l(dretinf.o)
    0x080049a4   0x00000000   Code   RO         2447    x$fpl$usenofp       fz_ws.l(usenofp.o)
    0x080049a4   0x00000156   Data   RO          555    .constdata          ov7670.o
    0x08004afa   0x00000002   PAD
    0x08004afc   0x00000018   Data   RO          677    .constdata          malloc.o
    0x08004b14   0x00000028   Data   RO         2380    .constdata          c_w.l(_printf_hex_int.o)
    0x08004b3c   0x00000020   Data   RO         2603    Region$$Table       anon$$obj.o


    Execution Region RW_IRAM1 (Base: 0x20000000, Size: 0x0000b428, Max: 0x00010000, ABSOLUTE)

    Base Addr    Size         Type   Attr      Idx    E Section Name        Object

    0x20000000   0x00000014   Data   RW          283    .data               system_stm32f10x.o
    0x20000014   0x00000004   Data   RW          374    .data               lcd.o
    0x20000018   0x0000001c   Data   RW          678    .data               malloc.o
    0x20000034   0x00000004   Data   RW          736    .data               delay.o
    0x20000038   0x00000002   Data   RW          797    .data               usart.o
    0x2000003a   0x00000002   PAD
    0x2000003c   0x00000004   Data   RW          798    .data               usart.o
    0x20000040   0x00000014   Data   RW         1173    .data               stm32f10x_rcc.o
    0x20000054   0x00000280   Zero   RW            2    .bss                main.o
    0x200002d4   0x0000000e   Zero   RW          372    .bss                lcd.o
    0x200002e2   0x0000001e   PAD
    0x20000300   0x0000a000   Zero   RW          675    .bss                malloc.o
    0x2000a300   0x00000a00   Zero   RW          676    .bss                malloc.o
    0x2000ad00   0x000000c8   Zero   RW          796    .bss                usart.o
    0x2000adc8   0x00000060   Zero   RW         2482    .bss                c_w.l(libspace.o)
    0x2000ae28   0x00000200   Zero   RW          865    HEAP                startup_stm32f10x_hd.o
    0x2000b028   0x00000400   Zero   RW          864    STACK               startup_stm32f10x_hd.o



  Load Region LR$$.ARM.__AT_0x68000000 (Base: 0x68000000, Size: 0x00000000, Max: 0x00000020, ABSOLUTE)

    Execution Region ER$$.ARM.__AT_0x68000000 (Base: 0x68000000, Size: 0x00000020, Max: 0x00000020, ABSOLUTE, UNINIT)

    Base Addr    Size         Type   Attr      Idx    E Section Name        Object

    0x68000000   0x00000020   Zero   RW          673    .ARM.__AT_0x68000000  malloc.o



  Load Region LR$$.ARM.__AT_0x68000020 (Base: 0x68000020, Size: 0x00000000, Max: 0x00000004, ABSOLUTE)

    Execution Region ER$$.ARM.__AT_0x68000020 (Base: 0x68000020, Size: 0x00000004, Max: 0x00000004, ABSOLUTE, UNINIT)

    Base Addr    Size         Type   Attr      Idx    E Section Name        Object

    0x68000020   0x00000002   Zero   RW          674    .ARM.__AT_0x68000020  malloc.o


==============================================================================

Image component sizes


      Code (inc. data)   RO Data    RW Data    ZI Data      Debug   Object Name

       164         26          0          4          0       1567   delay.o
     13382        148          0          4         14      47904   lcd.o
        80         10          0          0          0        491   led.o
       360         28          0          0        640     241925   main.o
       130         18         24         28      43554       3095   malloc.o
       144         16          0          0          0       1885   misc.o
       482         34        342          0          0       3034   ov7670.o
       682         64          0          0          0       4587   sccb.o
        64         26        304          0       1536        784   startup_stm32f10x_hd.o
       232          6          0          0          0       1761   stm32f10x_fsmc.o
       258          6          0          0          0       3370   stm32f10x_gpio.o
        18          0          0          0          0       3550   stm32f10x_it.o
       204         34          0         20          0       4741   stm32f10x_rcc.o
       332          6          0          0          0       5545   stm32f10x_usart.o
         0          0          0          0          0         32   sys.o
       248         24          0         20          0       1665   system_stm32f10x.o
       360         32          0          6        200       5909   usart.o

    ----------------------------------------------------------------------
     17152        478        704         84      45976     331845   Object Totals
         0          0         32          0          0          0   (incl. Generated)
        12          0          2          2         32          0   (incl. Padding)

    ----------------------------------------------------------------------

      Code (inc. data)   RO Data    RW Data    ZI Data      Debug   Library Member Name

         8          0          0          0          0         68   __main.o
       104          0          0          0          0         84   __printf.o
         0          0          0          0          0          0   __rtentry.o
        12          0          0          0          0          0   __rtentry2.o
         6          0          0          0          0          0   __rtentry4.o
        52          8          0          0          0          0   __scatter.o
        26          0          0          0          0          0   __scatter_copy.o
        28          0          0          0          0          0   __scatter_zi.o
        48          6          0          0          0         96   _printf_char_common.o
        36          4          0          0          0         80   _printf_char_file.o
        88          4         40          0          0         88   _printf_hex_int.o
       178          0          0          0          0         88   _printf_intcommon.o
         0          0          0          0          0          0   _printf_percent.o
         4          0          0          0          0          0   _printf_percent_end.o
         6          0          0          0          0          0   _printf_x.o
        12          0          0          0          0         72   exit.o
         8          0          0          0          0         68   ferror.o
         6          0          0          0          0        152   heapauxi.o
         2          0          0          0          0          0   libinit.o
         2          0          0          0          0          0   libinit2.o
         2          0          0          0          0          0   libshutdown.o
         2          0          0          0          0          0   libshutdown2.o
         8          4          0          0         96         68   libspace.o
        24          4          0          0          0         84   noretval__2printf.o
         2          0          0          0          0          0   rtexit.o
        10          0          0          0          0          0   rtexit2.o
        74          0          0          0          0         80   sys_stackheap_outer.o
         2          0          0          0          0         68   use_no_semi.o
         2          0          0          0          0         68   use_no_semi_2.o
        90          4          0          0          0         92   dfixu.o
        38          0          0          0          0         68   dflt_clz.o
       340         12          0          0          0        104   dmul.o
       156          4          0          0          0         92   dnaninf.o
        12          0          0          0          0         68   dretinf.o
         0          0          0          0          0          0   usenofp.o

    ----------------------------------------------------------------------
      1396         50         40          0         96       1588   Library Totals
         8          0          0          0          0          0   (incl. Padding)

    ----------------------------------------------------------------------

      Code (inc. data)   RO Data    RW Data    ZI Data      Debug   Library Name

       752         30         40          0         96       1164   c_w.l
       636         20          0          0          0        424   fz_ws.l

    ----------------------------------------------------------------------
      1396         50         40          0         96       1588   Library Totals

    ----------------------------------------------------------------------

==============================================================================


      Code (inc. data)   RO Data    RW Data    ZI Data      Debug   

     18548        528        744         84      46072     329321   Grand Totals
     18548        528        744         84      46072     329321   ELF Image Totals
     18548        528        744         84          0          0   ROM Totals

==============================================================================

    Total RO  Size (Code + RO Data)                19292 (  18.84kB)
    Total RW  Size (RW Data + ZI Data)             46156 (  45.07kB)
    Total ROM Size (Code + RO Data + RW Data)      19376 (  18.92kB)

==============================================================================

